RCC.c:20:6:RCC_Init	16	static
RCC.c:47:17:RCC_GetClockReadyStatus	16	static
RCC.c:104:6:RCC_HsiSetTrimValue	16	static
RCC.c:111:6:RCC_HsiConfigure	16	static
RCC.c:127:9:RCC_HsiGetCalibValue	4	static
RCC.c:133:6:RCC_CalculatePllPrescaler	40	static
RCC.c:213:6:RCC_PllConfigure	16	static
RCC.c:254:6:RCC_CalculatePllI2SPrescaler	32	static
RCC.c:306:6:RCC_PllI2SConfigure	16	static
RCC.c:332:6:RCC_EnableClk	16	static
RCC.c:361:6:RCC_DisableClk	16	static
RCC.c:386:6:RCC_EnableSpreadSpectrumClkGen	4	static
RCC.c:391:6:RCC_Mco1Config	16	static
RCC.c:424:6:RCC_Mco2Config	16	static
RCC.c:457:6:RCC_SetClockSource	16	static
RCC.c:529:11:RCC_GetSystemClkSource	16	static
RCC.c:535:6:RCC_BusConfig	16	static
RCC.c:543:6:RCC_EnableIntFlag	16	static
RCC.c:581:14:RCC_ReadIntFlag	16	static
RCC.c:593:6:RCC_ClearIntFlag	16	static
RCC.c:631:6:RCC_AHB1PeripheralClkEnable	16	static
RCC.c:636:6:RCC_AHB2PeripheralClkEnable	16	static
RCC.c:641:6:RCC_AHB3PeripheralClkEnable	16	static
RCC.c:646:6:RCC_APB1PeripheralClkEnable	16	static
RCC.c:651:6:RCC_APB2PeripheralClkEnable	16	static
RCC.c:656:6:RCC_AHB1EnablePerSleepMode	16	static
RCC.c:661:6:RCC_AHB2EnablePerSleepMode	16	static
RCC.c:666:6:RCC_AHB3EnablePerSleepMode	16	static
RCC.c:671:6:RCC_APB1EnablePerSleepMode	16	static
RCC.c:676:6:RCC_APB2EnablePerSleepMode	16	static
RCC.c:681:6:RCC_AHB1PeripheralClkDisable	16	static
RCC.c:686:6:RCC_AHB2PeripheralClkDisable	16	static
RCC.c:691:6:RCC_AHB3PeripheralClkDisable	16	static
RCC.c:696:6:RCC_APB1PeripheralClkDisable	16	static
RCC.c:701:6:RCC_APB2PeripheralClkDisable	16	static
RCC.c:706:6:RCC_AHB1DisablePerSleepMode	16	static
RCC.c:711:6:RCC_AHB2DisablePerSleepMode	16	static
RCC.c:716:6:RCC_AHB3DisablePerSleepMode	16	static
RCC.c:721:6:RCC_APB1DisablePerSleepMode	16	static
RCC.c:726:6:RCC_APB2DisablePerSleepMode	16	static
RCC.c:731:6:RCC_ResetAHB1Peripheral	16	static
RCC.c:736:6:RCC_ResetAHB2Peripheral	16	static
RCC.c:741:6:RCC_ResetAHB3Peripheral	16	static
RCC.c:746:6:RCC_ResetAPB1Peripheral	16	static
RCC.c:751:6:RCC_ResetAPB2Peripheral	16	static
RCC.c:756:6:RCC_ResetBackupDomain	4	static
RCC.c:761:19:RCC_GetResetStatus	16	static
