Archive member included to satisfy reference by file (symbol)

/opt/st/stm32cubeide_1.2.0/plugins/com.st.stm32cube.ide.mcu.externaltools.gnu-tools-for-stm32.7-2018-q2-update.linux64_1.0.0.201904181610/tools/bin/../lib/gcc/arm-none-eabi/7.3.1/../../../../arm-none-eabi/lib/thumb/v7e-m/libc_nano.a(lib_a-errno.o)
                              Src/syscalls.o (__errno)
/opt/st/stm32cubeide_1.2.0/plugins/com.st.stm32cube.ide.mcu.externaltools.gnu-tools-for-stm32.7-2018-q2-update.linux64_1.0.0.201904181610/tools/bin/../lib/gcc/arm-none-eabi/7.3.1/../../../../arm-none-eabi/lib/thumb/v7e-m/libc_nano.a(lib_a-exit.o)
                              /opt/st/stm32cubeide_1.2.0/plugins/com.st.stm32cube.ide.mcu.externaltools.gnu-tools-for-stm32.7-2018-q2-update.linux64_1.0.0.201904181610/tools/bin/../lib/gcc/arm-none-eabi/7.3.1/../../../../arm-none-eabi/lib/thumb/v7e-m/crt0.o (exit)
/opt/st/stm32cubeide_1.2.0/plugins/com.st.stm32cube.ide.mcu.externaltools.gnu-tools-for-stm32.7-2018-q2-update.linux64_1.0.0.201904181610/tools/bin/../lib/gcc/arm-none-eabi/7.3.1/../../../../arm-none-eabi/lib/thumb/v7e-m/libc_nano.a(lib_a-impure.o)
                              /opt/st/stm32cubeide_1.2.0/plugins/com.st.stm32cube.ide.mcu.externaltools.gnu-tools-for-stm32.7-2018-q2-update.linux64_1.0.0.201904181610/tools/bin/../lib/gcc/arm-none-eabi/7.3.1/../../../../arm-none-eabi/lib/thumb/v7e-m/libc_nano.a(lib_a-exit.o) (_global_impure_ptr)
/opt/st/stm32cubeide_1.2.0/plugins/com.st.stm32cube.ide.mcu.externaltools.gnu-tools-for-stm32.7-2018-q2-update.linux64_1.0.0.201904181610/tools/bin/../lib/gcc/arm-none-eabi/7.3.1/../../../../arm-none-eabi/lib/thumb/v7e-m/libc_nano.a(lib_a-init.o)
                              /opt/st/stm32cubeide_1.2.0/plugins/com.st.stm32cube.ide.mcu.externaltools.gnu-tools-for-stm32.7-2018-q2-update.linux64_1.0.0.201904181610/tools/bin/../lib/gcc/arm-none-eabi/7.3.1/../../../../arm-none-eabi/lib/thumb/v7e-m/crt0.o (__libc_init_array)
/opt/st/stm32cubeide_1.2.0/plugins/com.st.stm32cube.ide.mcu.externaltools.gnu-tools-for-stm32.7-2018-q2-update.linux64_1.0.0.201904181610/tools/bin/../lib/gcc/arm-none-eabi/7.3.1/../../../../arm-none-eabi/lib/thumb/v7e-m/libc_nano.a(lib_a-memset.o)
                              /opt/st/stm32cubeide_1.2.0/plugins/com.st.stm32cube.ide.mcu.externaltools.gnu-tools-for-stm32.7-2018-q2-update.linux64_1.0.0.201904181610/tools/bin/../lib/gcc/arm-none-eabi/7.3.1/../../../../arm-none-eabi/lib/thumb/v7e-m/crt0.o (memset)

Allocating common symbols
Common symbol       size              file

PllPreScalerValues  0x6               MCAL/Reset_and_Clocks/Src/RCC.o

Discarded input sections

 .text          0x0000000000000000        0x0 /opt/st/stm32cubeide_1.2.0/plugins/com.st.stm32cube.ide.mcu.externaltools.gnu-tools-for-stm32.7-2018-q2-update.linux64_1.0.0.201904181610/tools/bin/../lib/gcc/arm-none-eabi/7.3.1/thumb/v7e-m/crti.o
 .data          0x0000000000000000        0x0 /opt/st/stm32cubeide_1.2.0/plugins/com.st.stm32cube.ide.mcu.externaltools.gnu-tools-for-stm32.7-2018-q2-update.linux64_1.0.0.201904181610/tools/bin/../lib/gcc/arm-none-eabi/7.3.1/thumb/v7e-m/crti.o
 .bss           0x0000000000000000        0x0 /opt/st/stm32cubeide_1.2.0/plugins/com.st.stm32cube.ide.mcu.externaltools.gnu-tools-for-stm32.7-2018-q2-update.linux64_1.0.0.201904181610/tools/bin/../lib/gcc/arm-none-eabi/7.3.1/thumb/v7e-m/crti.o
 .data          0x0000000000000000        0x4 /opt/st/stm32cubeide_1.2.0/plugins/com.st.stm32cube.ide.mcu.externaltools.gnu-tools-for-stm32.7-2018-q2-update.linux64_1.0.0.201904181610/tools/bin/../lib/gcc/arm-none-eabi/7.3.1/thumb/v7e-m/crtbegin.o
 .text          0x0000000000000000       0x74 /opt/st/stm32cubeide_1.2.0/plugins/com.st.stm32cube.ide.mcu.externaltools.gnu-tools-for-stm32.7-2018-q2-update.linux64_1.0.0.201904181610/tools/bin/../lib/gcc/arm-none-eabi/7.3.1/../../../../arm-none-eabi/lib/thumb/v7e-m/crt0.o
 .data          0x0000000000000000        0x0 /opt/st/stm32cubeide_1.2.0/plugins/com.st.stm32cube.ide.mcu.externaltools.gnu-tools-for-stm32.7-2018-q2-update.linux64_1.0.0.201904181610/tools/bin/../lib/gcc/arm-none-eabi/7.3.1/../../../../arm-none-eabi/lib/thumb/v7e-m/crt0.o
 .bss           0x0000000000000000        0x0 /opt/st/stm32cubeide_1.2.0/plugins/com.st.stm32cube.ide.mcu.externaltools.gnu-tools-for-stm32.7-2018-q2-update.linux64_1.0.0.201904181610/tools/bin/../lib/gcc/arm-none-eabi/7.3.1/../../../../arm-none-eabi/lib/thumb/v7e-m/crt0.o
 .ARM.extab     0x0000000000000000        0x0 /opt/st/stm32cubeide_1.2.0/plugins/com.st.stm32cube.ide.mcu.externaltools.gnu-tools-for-stm32.7-2018-q2-update.linux64_1.0.0.201904181610/tools/bin/../lib/gcc/arm-none-eabi/7.3.1/../../../../arm-none-eabi/lib/thumb/v7e-m/crt0.o
 .ARM.exidx     0x0000000000000000        0x8 /opt/st/stm32cubeide_1.2.0/plugins/com.st.stm32cube.ide.mcu.externaltools.gnu-tools-for-stm32.7-2018-q2-update.linux64_1.0.0.201904181610/tools/bin/../lib/gcc/arm-none-eabi/7.3.1/../../../../arm-none-eabi/lib/thumb/v7e-m/crt0.o
 .ARM.attributes
                0x0000000000000000       0x1c /opt/st/stm32cubeide_1.2.0/plugins/com.st.stm32cube.ide.mcu.externaltools.gnu-tools-for-stm32.7-2018-q2-update.linux64_1.0.0.201904181610/tools/bin/../lib/gcc/arm-none-eabi/7.3.1/../../../../arm-none-eabi/lib/thumb/v7e-m/crt0.o
 .group         0x0000000000000000        0xc MCAL/Reset_and_Clocks/Cfg/RCC_PbCfg.o
 .group         0x0000000000000000        0xc MCAL/Reset_and_Clocks/Cfg/RCC_PbCfg.o
 .group         0x0000000000000000        0xc MCAL/Reset_and_Clocks/Cfg/RCC_PbCfg.o
 .group         0x0000000000000000        0xc MCAL/Reset_and_Clocks/Cfg/RCC_PbCfg.o
 .group         0x0000000000000000        0xc MCAL/Reset_and_Clocks/Cfg/RCC_PbCfg.o
 .group         0x0000000000000000        0xc MCAL/Reset_and_Clocks/Cfg/RCC_PbCfg.o
 .group         0x0000000000000000        0xc MCAL/Reset_and_Clocks/Cfg/RCC_PbCfg.o
 .group         0x0000000000000000        0xc MCAL/Reset_and_Clocks/Cfg/RCC_PbCfg.o
 .text          0x0000000000000000        0x0 MCAL/Reset_and_Clocks/Cfg/RCC_PbCfg.o
 .data          0x0000000000000000        0x0 MCAL/Reset_and_Clocks/Cfg/RCC_PbCfg.o
 .bss           0x0000000000000000        0x0 MCAL/Reset_and_Clocks/Cfg/RCC_PbCfg.o
 .group         0x0000000000000000        0xc MCAL/Reset_and_Clocks/Src/RCC.o
 .group         0x0000000000000000        0xc MCAL/Reset_and_Clocks/Src/RCC.o
 .group         0x0000000000000000        0xc MCAL/Reset_and_Clocks/Src/RCC.o
 .group         0x0000000000000000        0xc MCAL/Reset_and_Clocks/Src/RCC.o
 .group         0x0000000000000000        0xc MCAL/Reset_and_Clocks/Src/RCC.o
 .group         0x0000000000000000        0xc MCAL/Reset_and_Clocks/Src/RCC.o
 .group         0x0000000000000000        0xc MCAL/Reset_and_Clocks/Src/RCC.o
 .group         0x0000000000000000        0xc MCAL/Reset_and_Clocks/Src/RCC.o
 .group         0x0000000000000000        0xc MCAL/Reset_and_Clocks/Src/RCC.o
 .group         0x0000000000000000        0xc MCAL/Reset_and_Clocks/Src/RCC.o
 .text          0x0000000000000000        0x0 MCAL/Reset_and_Clocks/Src/RCC.o
 .data          0x0000000000000000        0x0 MCAL/Reset_and_Clocks/Src/RCC.o
 .bss           0x0000000000000000        0x0 MCAL/Reset_and_Clocks/Src/RCC.o
 .text.RCC_ClockInit
                0x0000000000000000        0xc MCAL/Reset_and_Clocks/Src/RCC.o
 .text.RCC_HsiSetTrimValue
                0x0000000000000000       0x2c MCAL/Reset_and_Clocks/Src/RCC.o
 .text.RCC_HsiConfigure
                0x0000000000000000       0x3c MCAL/Reset_and_Clocks/Src/RCC.o
 .text.RCC_HsiGetCalibValue
                0x0000000000000000       0x18 MCAL/Reset_and_Clocks/Src/RCC.o
 .text.RCC_EnableSpreadSpectrumClkGen
                0x0000000000000000        0xc MCAL/Reset_and_Clocks/Src/RCC.o
 .text.RCC_Mco1Config
                0x0000000000000000       0xcc MCAL/Reset_and_Clocks/Src/RCC.o
 .text.RCC_Mco2Config
                0x0000000000000000       0xd0 MCAL/Reset_and_Clocks/Src/RCC.o
 .text.RCC_GetSystemClkSource
                0x0000000000000000       0x2c MCAL/Reset_and_Clocks/Src/RCC.o
 .text.RCC_BusConfig
                0x0000000000000000       0x5c MCAL/Reset_and_Clocks/Src/RCC.o
 .text.RCC_EnableIntFlag
                0x0000000000000000       0xa8 MCAL/Reset_and_Clocks/Src/RCC.o
 .text.RCC_ReadIntFlag
                0x0000000000000000       0x40 MCAL/Reset_and_Clocks/Src/RCC.o
 .text.RCC_ClearIntFlag
                0x0000000000000000       0x8c MCAL/Reset_and_Clocks/Src/RCC.o
 .text.RCC_AHB1PeripheralClkEnable
                0x0000000000000000       0x38 MCAL/Reset_and_Clocks/Src/RCC.o
 .text.RCC_AHB2PeripheralClkEnable
                0x0000000000000000       0x38 MCAL/Reset_and_Clocks/Src/RCC.o
 .text.RCC_AHB3PeripheralClkEnable
                0x0000000000000000       0x38 MCAL/Reset_and_Clocks/Src/RCC.o
 .text.RCC_APB1PeripheralClkEnable
                0x0000000000000000       0x38 MCAL/Reset_and_Clocks/Src/RCC.o
 .text.RCC_APB2PeripheralClkEnable
                0x0000000000000000       0x38 MCAL/Reset_and_Clocks/Src/RCC.o
 .text.RCC_AHB1EnablePerSleepMode
                0x0000000000000000       0x38 MCAL/Reset_and_Clocks/Src/RCC.o
 .text.RCC_AHB2EnablePerSleepMode
                0x0000000000000000       0x38 MCAL/Reset_and_Clocks/Src/RCC.o
 .text.RCC_AHB3EnablePerSleepMode
                0x0000000000000000       0x38 MCAL/Reset_and_Clocks/Src/RCC.o
 .text.RCC_APB1EnablePerSleepMode
                0x0000000000000000       0x38 MCAL/Reset_and_Clocks/Src/RCC.o
 .text.RCC_APB2EnablePerSleepMode
                0x0000000000000000       0x38 MCAL/Reset_and_Clocks/Src/RCC.o
 .text.RCC_AHB1PeripheralClkDisable
                0x0000000000000000       0x2c MCAL/Reset_and_Clocks/Src/RCC.o
 .text.RCC_AHB2PeripheralClkDisable
                0x0000000000000000       0x2c MCAL/Reset_and_Clocks/Src/RCC.o
 .text.RCC_AHB3PeripheralClkDisable
                0x0000000000000000       0x2c MCAL/Reset_and_Clocks/Src/RCC.o
 .text.RCC_APB1PeripheralClkDisable
                0x0000000000000000       0x2c MCAL/Reset_and_Clocks/Src/RCC.o
 .text.RCC_APB2PeripheralClkDisable
                0x0000000000000000       0x2c MCAL/Reset_and_Clocks/Src/RCC.o
 .text.RCC_AHB1DisablePerSleepMode
                0x0000000000000000       0x2c MCAL/Reset_and_Clocks/Src/RCC.o
 .text.RCC_AHB2DisablePerSleepMode
                0x0000000000000000       0x2c MCAL/Reset_and_Clocks/Src/RCC.o
 .text.RCC_AHB3DisablePerSleepMode
                0x0000000000000000       0x2c MCAL/Reset_and_Clocks/Src/RCC.o
 .text.RCC_APB1DisablePerSleepMode
                0x0000000000000000       0x2c MCAL/Reset_and_Clocks/Src/RCC.o
 .text.RCC_APB2DisablePerSleepMode
                0x0000000000000000       0x2c MCAL/Reset_and_Clocks/Src/RCC.o
 .text.RCC_ResetAHB1Peripheral
                0x0000000000000000       0x24 MCAL/Reset_and_Clocks/Src/RCC.o
 .text.RCC_ResetAHB2Peripheral
                0x0000000000000000       0x24 MCAL/Reset_and_Clocks/Src/RCC.o
 .text.RCC_ResetAHB3Peripheral
                0x0000000000000000       0x24 MCAL/Reset_and_Clocks/Src/RCC.o
 .text.RCC_ResetAPB1Peripheral
                0x0000000000000000       0x24 MCAL/Reset_and_Clocks/Src/RCC.o
 .text.RCC_ResetAPB2Peripheral
                0x0000000000000000       0x24 MCAL/Reset_and_Clocks/Src/RCC.o
 .text.RCC_ResetBackupDomain
                0x0000000000000000       0x1c MCAL/Reset_and_Clocks/Src/RCC.o
 .text.RCC_GetResetStatus
                0x0000000000000000       0x44 MCAL/Reset_and_Clocks/Src/RCC.o
 .debug_macro   0x0000000000000000      0xa66 MCAL/Reset_and_Clocks/Src/RCC.o
 .debug_macro   0x0000000000000000       0x22 MCAL/Reset_and_Clocks/Src/RCC.o
 .debug_macro   0x0000000000000000       0x8e MCAL/Reset_and_Clocks/Src/RCC.o
 .debug_macro   0x0000000000000000       0x51 MCAL/Reset_and_Clocks/Src/RCC.o
 .debug_macro   0x0000000000000000       0xef MCAL/Reset_and_Clocks/Src/RCC.o
 .debug_macro   0x0000000000000000       0x6a MCAL/Reset_and_Clocks/Src/RCC.o
 .debug_macro   0x0000000000000000      0x1df MCAL/Reset_and_Clocks/Src/RCC.o
 .debug_macro   0x0000000000000000       0x46 MCAL/Reset_and_Clocks/Src/RCC.o
 .group         0x0000000000000000        0xc Src/main.o
 .group         0x0000000000000000        0xc Src/main.o
 .group         0x0000000000000000        0xc Src/main.o
 .group         0x0000000000000000        0xc Src/main.o
 .group         0x0000000000000000        0xc Src/main.o
 .group         0x0000000000000000        0xc Src/main.o
 .group         0x0000000000000000        0xc Src/main.o
 .group         0x0000000000000000        0xc Src/main.o
 .text          0x0000000000000000        0x0 Src/main.o
 .data          0x0000000000000000        0x0 Src/main.o
 .bss           0x0000000000000000        0x0 Src/main.o
 .debug_macro   0x0000000000000000      0xa66 Src/main.o
 .debug_macro   0x0000000000000000       0x22 Src/main.o
 .debug_macro   0x0000000000000000       0x8e Src/main.o
 .debug_macro   0x0000000000000000       0x51 Src/main.o
 .debug_macro   0x0000000000000000       0xef Src/main.o
 .debug_macro   0x0000000000000000       0x6a Src/main.o
 .debug_macro   0x0000000000000000      0x1df Src/main.o
 .debug_macro   0x0000000000000000       0x46 Src/main.o
 .group         0x0000000000000000        0xc Src/syscalls.o
 .group         0x0000000000000000        0xc Src/syscalls.o
 .group         0x0000000000000000        0xc Src/syscalls.o
 .group         0x0000000000000000        0xc Src/syscalls.o
 .group         0x0000000000000000        0xc Src/syscalls.o
 .group         0x0000000000000000        0xc Src/syscalls.o
 .group         0x0000000000000000        0xc Src/syscalls.o
 .group         0x0000000000000000        0xc Src/syscalls.o
 .group         0x0000000000000000        0xc Src/syscalls.o
 .group         0x0000000000000000        0xc Src/syscalls.o
 .group         0x0000000000000000        0xc Src/syscalls.o
 .group         0x0000000000000000        0xc Src/syscalls.o
 .group         0x0000000000000000        0xc Src/syscalls.o
 .group         0x0000000000000000        0xc Src/syscalls.o
 .group         0x0000000000000000        0xc Src/syscalls.o
 .group         0x0000000000000000        0xc Src/syscalls.o
 .group         0x0000000000000000        0xc Src/syscalls.o
 .group         0x0000000000000000        0xc Src/syscalls.o
 .group         0x0000000000000000        0xc Src/syscalls.o
 .group         0x0000000000000000        0xc Src/syscalls.o
 .group         0x0000000000000000        0xc Src/syscalls.o
 .group         0x0000000000000000        0xc Src/syscalls.o
 .group         0x0000000000000000        0xc Src/syscalls.o
 .group         0x0000000000000000        0xc Src/syscalls.o
 .group         0x0000000000000000        0xc Src/syscalls.o
 .group         0x0000000000000000        0xc Src/syscalls.o
 .group         0x0000000000000000        0xc Src/syscalls.o
 .group         0x0000000000000000        0xc Src/syscalls.o
 .group         0x0000000000000000        0xc Src/syscalls.o
 .group         0x0000000000000000        0xc Src/syscalls.o
 .group         0x0000000000000000        0xc Src/syscalls.o
 .group         0x0000000000000000        0xc Src/syscalls.o
 .group         0x0000000000000000        0xc Src/syscalls.o
 .group         0x0000000000000000        0xc Src/syscalls.o
 .group         0x0000000000000000        0xc Src/syscalls.o
 .group         0x0000000000000000        0xc Src/syscalls.o
 .group         0x0000000000000000        0xc Src/syscalls.o
 .group         0x0000000000000000        0xc Src/syscalls.o
 .group         0x0000000000000000        0xc Src/syscalls.o
 .group         0x0000000000000000        0xc Src/syscalls.o
 .group         0x0000000000000000        0xc Src/syscalls.o
 .group         0x0000000000000000        0xc Src/syscalls.o
 .group         0x0000000000000000        0xc Src/syscalls.o
 .group         0x0000000000000000        0xc Src/syscalls.o
 .text          0x0000000000000000        0x0 Src/syscalls.o
 .data          0x0000000000000000        0x0 Src/syscalls.o
 .bss           0x0000000000000000        0x0 Src/syscalls.o
 .bss.__env     0x0000000000000000        0x4 Src/syscalls.o
 .data.environ  0x0000000000000000        0x4 Src/syscalls.o
 .text.initialise_monitor_handles
                0x0000000000000000        0xc Src/syscalls.o
 .text._getpid  0x0000000000000000        0xe Src/syscalls.o
 .text._kill    0x0000000000000000       0x20 Src/syscalls.o
 .text._exit    0x0000000000000000       0x14 Src/syscalls.o
 .text._read    0x0000000000000000       0x3a Src/syscalls.o
 .text._write   0x0000000000000000       0x38 Src/syscalls.o
 .text._close   0x0000000000000000       0x16 Src/syscalls.o
 .text._fstat   0x0000000000000000       0x1e Src/syscalls.o
 .text._isatty  0x0000000000000000       0x14 Src/syscalls.o
 .text._lseek   0x0000000000000000       0x18 Src/syscalls.o
 .text._open    0x0000000000000000       0x1a Src/syscalls.o
 .text._wait    0x0000000000000000       0x1e Src/syscalls.o
 .text._unlink  0x0000000000000000       0x1e Src/syscalls.o
 .text._times   0x0000000000000000       0x16 Src/syscalls.o
 .text._stat    0x0000000000000000       0x1e Src/syscalls.o
 .text._link    0x0000000000000000       0x20 Src/syscalls.o
 .text._fork    0x0000000000000000       0x16 Src/syscalls.o
 .text._execve  0x0000000000000000       0x22 Src/syscalls.o
 .debug_info    0x0000000000000000      0xebd Src/syscalls.o
 .debug_abbrev  0x0000000000000000      0x261 Src/syscalls.o
 .debug_aranges
                0x0000000000000000       0xa8 Src/syscalls.o
 .debug_ranges  0x0000000000000000       0x98 Src/syscalls.o
 .debug_macro   0x0000000000000000      0x243 Src/syscalls.o
 .debug_macro   0x0000000000000000      0xa66 Src/syscalls.o
 .debug_macro   0x0000000000000000       0x22 Src/syscalls.o
 .debug_macro   0x0000000000000000       0x40 Src/syscalls.o
 .debug_macro   0x0000000000000000       0x18 Src/syscalls.o
 .debug_macro   0x0000000000000000       0x94 Src/syscalls.o
 .debug_macro   0x0000000000000000       0x3c Src/syscalls.o
 .debug_macro   0x0000000000000000       0x34 Src/syscalls.o
 .debug_macro   0x0000000000000000       0x57 Src/syscalls.o
 .debug_macro   0x0000000000000000      0x174 Src/syscalls.o
 .debug_macro   0x0000000000000000      0x330 Src/syscalls.o
 .debug_macro   0x0000000000000000       0x52 Src/syscalls.o
 .debug_macro   0x0000000000000000       0x1f Src/syscalls.o
 .debug_macro   0x0000000000000000       0x43 Src/syscalls.o
 .debug_macro   0x0000000000000000       0x20 Src/syscalls.o
 .debug_macro   0x0000000000000000      0x1a3 Src/syscalls.o
 .debug_macro   0x0000000000000000       0x10 Src/syscalls.o
 .debug_macro   0x0000000000000000       0x35 Src/syscalls.o
 .debug_macro   0x0000000000000000       0x10 Src/syscalls.o
 .debug_macro   0x0000000000000000       0x10 Src/syscalls.o
 .debug_macro   0x0000000000000000       0x10 Src/syscalls.o
 .debug_macro   0x0000000000000000       0x6a Src/syscalls.o
 .debug_macro   0x0000000000000000       0x1c Src/syscalls.o
 .debug_macro   0x0000000000000000       0x52 Src/syscalls.o
 .debug_macro   0x0000000000000000       0x40 Src/syscalls.o
 .debug_macro   0x0000000000000000       0x10 Src/syscalls.o
 .debug_macro   0x0000000000000000       0x40 Src/syscalls.o
 .debug_macro   0x0000000000000000       0xd7 Src/syscalls.o
 .debug_macro   0x0000000000000000       0x1c Src/syscalls.o
 .debug_macro   0x0000000000000000       0x3d Src/syscalls.o
 .debug_macro   0x0000000000000000       0x35 Src/syscalls.o
 .debug_macro   0x0000000000000000      0x122 Src/syscalls.o
 .debug_macro   0x0000000000000000       0x16 Src/syscalls.o
 .debug_macro   0x0000000000000000       0x16 Src/syscalls.o
 .debug_macro   0x0000000000000000       0x29 Src/syscalls.o
 .debug_macro   0x0000000000000000       0x10 Src/syscalls.o
 .debug_macro   0x0000000000000000      0x241 Src/syscalls.o
 .debug_macro   0x0000000000000000       0x1c Src/syscalls.o
 .debug_macro   0x0000000000000000       0x10 Src/syscalls.o
 .debug_macro   0x0000000000000000       0x10 Src/syscalls.o
 .debug_macro   0x0000000000000000       0x16 Src/syscalls.o
 .debug_macro   0x0000000000000000      0x145 Src/syscalls.o
 .debug_macro   0x0000000000000000      0x189 Src/syscalls.o
 .debug_macro   0x0000000000000000       0x16 Src/syscalls.o
 .debug_macro   0x0000000000000000       0x88 Src/syscalls.o
 .debug_line    0x0000000000000000      0x710 Src/syscalls.o
 .debug_str     0x0000000000000000     0x889e Src/syscalls.o
 .comment       0x0000000000000000       0x7c Src/syscalls.o
 .debug_frame   0x0000000000000000      0x2ac Src/syscalls.o
 .ARM.attributes
                0x0000000000000000       0x33 Src/syscalls.o
 .group         0x0000000000000000        0xc Src/sysmem.o
 .group         0x0000000000000000        0xc Src/sysmem.o
 .group         0x0000000000000000        0xc Src/sysmem.o
 .group         0x0000000000000000        0xc Src/sysmem.o
 .group         0x0000000000000000        0xc Src/sysmem.o
 .group         0x0000000000000000        0xc Src/sysmem.o
 .group         0x0000000000000000        0xc Src/sysmem.o
 .group         0x0000000000000000        0xc Src/sysmem.o
 .group         0x0000000000000000        0xc Src/sysmem.o
 .group         0x0000000000000000        0xc Src/sysmem.o
 .group         0x0000000000000000        0xc Src/sysmem.o
 .group         0x0000000000000000        0xc Src/sysmem.o
 .group         0x0000000000000000        0xc Src/sysmem.o
 .group         0x0000000000000000        0xc Src/sysmem.o
 .group         0x0000000000000000        0xc Src/sysmem.o
 .group         0x0000000000000000        0xc Src/sysmem.o
 .group         0x0000000000000000        0xc Src/sysmem.o
 .group         0x0000000000000000        0xc Src/sysmem.o
 .group         0x0000000000000000        0xc Src/sysmem.o
 .group         0x0000000000000000        0xc Src/sysmem.o
 .group         0x0000000000000000        0xc Src/sysmem.o
 .group         0x0000000000000000        0xc Src/sysmem.o
 .group         0x0000000000000000        0xc Src/sysmem.o
 .group         0x0000000000000000        0xc Src/sysmem.o
 .group         0x0000000000000000        0xc Src/sysmem.o
 .group         0x0000000000000000        0xc Src/sysmem.o
 .group         0x0000000000000000        0xc Src/sysmem.o
 .group         0x0000000000000000        0xc Src/sysmem.o
 .group         0x0000000000000000        0xc Src/sysmem.o
 .group         0x0000000000000000        0xc Src/sysmem.o
 .group         0x0000000000000000        0xc Src/sysmem.o
 .group         0x0000000000000000        0xc Src/sysmem.o
 .text          0x0000000000000000        0x0 Src/sysmem.o
 .data          0x0000000000000000        0x0 Src/sysmem.o
 .bss           0x0000000000000000        0x0 Src/sysmem.o
 .bss.heap_end.5149
                0x0000000000000000        0x4 Src/sysmem.o
 .text._sbrk    0x0000000000000000       0x58 Src/sysmem.o
 .debug_info    0x0000000000000000      0x91c Src/sysmem.o
 .debug_abbrev  0x0000000000000000      0x1bb Src/sysmem.o
 .debug_aranges
                0x0000000000000000       0x20 Src/sysmem.o
 .debug_ranges  0x0000000000000000       0x10 Src/sysmem.o
 .debug_macro   0x0000000000000000      0x1ae Src/sysmem.o
 .debug_macro   0x0000000000000000      0xa66 Src/sysmem.o
 .debug_macro   0x0000000000000000       0x10 Src/sysmem.o
 .debug_macro   0x0000000000000000       0x22 Src/sysmem.o
 .debug_macro   0x0000000000000000       0x40 Src/sysmem.o
 .debug_macro   0x0000000000000000       0x18 Src/sysmem.o
 .debug_macro   0x0000000000000000       0x94 Src/sysmem.o
 .debug_macro   0x0000000000000000       0x3c Src/sysmem.o
 .debug_macro   0x0000000000000000       0x34 Src/sysmem.o
 .debug_macro   0x0000000000000000      0x174 Src/sysmem.o
 .debug_macro   0x0000000000000000       0x57 Src/sysmem.o
 .debug_macro   0x0000000000000000       0x52 Src/sysmem.o
 .debug_macro   0x0000000000000000       0x1f Src/sysmem.o
 .debug_macro   0x0000000000000000       0x43 Src/sysmem.o
 .debug_macro   0x0000000000000000       0x20 Src/sysmem.o
 .debug_macro   0x0000000000000000      0x1a3 Src/sysmem.o
 .debug_macro   0x0000000000000000      0x23b Src/sysmem.o
 .debug_macro   0x0000000000000000       0x16 Src/sysmem.o
 .debug_macro   0x0000000000000000       0x35 Src/sysmem.o
 .debug_macro   0x0000000000000000      0x330 Src/sysmem.o
 .debug_macro   0x0000000000000000       0x10 Src/sysmem.o
 .debug_macro   0x0000000000000000       0x10 Src/sysmem.o
 .debug_macro   0x0000000000000000       0x6a Src/sysmem.o
 .debug_macro   0x0000000000000000       0x1c Src/sysmem.o
 .debug_macro   0x0000000000000000       0x52 Src/sysmem.o
 .debug_macro   0x0000000000000000       0x40 Src/sysmem.o
 .debug_macro   0x0000000000000000       0x10 Src/sysmem.o
 .debug_macro   0x0000000000000000       0x40 Src/sysmem.o
 .debug_macro   0x0000000000000000       0xd7 Src/sysmem.o
 .debug_macro   0x0000000000000000       0x1c Src/sysmem.o
 .debug_macro   0x0000000000000000       0x3d Src/sysmem.o
 .debug_macro   0x0000000000000000       0x16 Src/sysmem.o
 .debug_macro   0x0000000000000000      0x145 Src/sysmem.o
 .debug_line    0x0000000000000000      0x52c Src/sysmem.o
 .debug_str     0x0000000000000000     0x7af7 Src/sysmem.o
 .comment       0x0000000000000000       0x7c Src/sysmem.o
 .debug_frame   0x0000000000000000       0x34 Src/sysmem.o
 .ARM.attributes
                0x0000000000000000       0x33 Src/sysmem.o
 .text          0x0000000000000000       0x14 Startup/startup_stm32f407vgtx.o
 .data          0x0000000000000000        0x0 Startup/startup_stm32f407vgtx.o
 .bss           0x0000000000000000        0x0 Startup/startup_stm32f407vgtx.o
 .text          0x0000000000000000        0x0 /opt/st/stm32cubeide_1.2.0/plugins/com.st.stm32cube.ide.mcu.externaltools.gnu-tools-for-stm32.7-2018-q2-update.linux64_1.0.0.201904181610/tools/bin/../lib/gcc/arm-none-eabi/7.3.1/../../../../arm-none-eabi/lib/thumb/v7e-m/libc_nano.a(lib_a-errno.o)
 .data          0x0000000000000000        0x0 /opt/st/stm32cubeide_1.2.0/plugins/com.st.stm32cube.ide.mcu.externaltools.gnu-tools-for-stm32.7-2018-q2-update.linux64_1.0.0.201904181610/tools/bin/../lib/gcc/arm-none-eabi/7.3.1/../../../../arm-none-eabi/lib/thumb/v7e-m/libc_nano.a(lib_a-errno.o)
 .bss           0x0000000000000000        0x0 /opt/st/stm32cubeide_1.2.0/plugins/com.st.stm32cube.ide.mcu.externaltools.gnu-tools-for-stm32.7-2018-q2-update.linux64_1.0.0.201904181610/tools/bin/../lib/gcc/arm-none-eabi/7.3.1/../../../../arm-none-eabi/lib/thumb/v7e-m/libc_nano.a(lib_a-errno.o)
 .text.__errno  0x0000000000000000        0xc /opt/st/stm32cubeide_1.2.0/plugins/com.st.stm32cube.ide.mcu.externaltools.gnu-tools-for-stm32.7-2018-q2-update.linux64_1.0.0.201904181610/tools/bin/../lib/gcc/arm-none-eabi/7.3.1/../../../../arm-none-eabi/lib/thumb/v7e-m/libc_nano.a(lib_a-errno.o)
 .debug_frame   0x0000000000000000       0x20 /opt/st/stm32cubeide_1.2.0/plugins/com.st.stm32cube.ide.mcu.externaltools.gnu-tools-for-stm32.7-2018-q2-update.linux64_1.0.0.201904181610/tools/bin/../lib/gcc/arm-none-eabi/7.3.1/../../../../arm-none-eabi/lib/thumb/v7e-m/libc_nano.a(lib_a-errno.o)
 .ARM.attributes
                0x0000000000000000       0x2e /opt/st/stm32cubeide_1.2.0/plugins/com.st.stm32cube.ide.mcu.externaltools.gnu-tools-for-stm32.7-2018-q2-update.linux64_1.0.0.201904181610/tools/bin/../lib/gcc/arm-none-eabi/7.3.1/../../../../arm-none-eabi/lib/thumb/v7e-m/libc_nano.a(lib_a-errno.o)
 .text          0x0000000000000000        0x0 /opt/st/stm32cubeide_1.2.0/plugins/com.st.stm32cube.ide.mcu.externaltools.gnu-tools-for-stm32.7-2018-q2-update.linux64_1.0.0.201904181610/tools/bin/../lib/gcc/arm-none-eabi/7.3.1/../../../../arm-none-eabi/lib/thumb/v7e-m/libc_nano.a(lib_a-exit.o)
 .data          0x0000000000000000        0x0 /opt/st/stm32cubeide_1.2.0/plugins/com.st.stm32cube.ide.mcu.externaltools.gnu-tools-for-stm32.7-2018-q2-update.linux64_1.0.0.201904181610/tools/bin/../lib/gcc/arm-none-eabi/7.3.1/../../../../arm-none-eabi/lib/thumb/v7e-m/libc_nano.a(lib_a-exit.o)
 .bss           0x0000000000000000        0x0 /opt/st/stm32cubeide_1.2.0/plugins/com.st.stm32cube.ide.mcu.externaltools.gnu-tools-for-stm32.7-2018-q2-update.linux64_1.0.0.201904181610/tools/bin/../lib/gcc/arm-none-eabi/7.3.1/../../../../arm-none-eabi/lib/thumb/v7e-m/libc_nano.a(lib_a-exit.o)
 .text.exit     0x0000000000000000       0x28 /opt/st/stm32cubeide_1.2.0/plugins/com.st.stm32cube.ide.mcu.externaltools.gnu-tools-for-stm32.7-2018-q2-update.linux64_1.0.0.201904181610/tools/bin/../lib/gcc/arm-none-eabi/7.3.1/../../../../arm-none-eabi/lib/thumb/v7e-m/libc_nano.a(lib_a-exit.o)
 .debug_frame   0x0000000000000000       0x28 /opt/st/stm32cubeide_1.2.0/plugins/com.st.stm32cube.ide.mcu.externaltools.gnu-tools-for-stm32.7-2018-q2-update.linux64_1.0.0.201904181610/tools/bin/../lib/gcc/arm-none-eabi/7.3.1/../../../../arm-none-eabi/lib/thumb/v7e-m/libc_nano.a(lib_a-exit.o)
 .ARM.attributes
                0x0000000000000000       0x2e /opt/st/stm32cubeide_1.2.0/plugins/com.st.stm32cube.ide.mcu.externaltools.gnu-tools-for-stm32.7-2018-q2-update.linux64_1.0.0.201904181610/tools/bin/../lib/gcc/arm-none-eabi/7.3.1/../../../../arm-none-eabi/lib/thumb/v7e-m/libc_nano.a(lib_a-exit.o)
 .text          0x0000000000000000        0x0 /opt/st/stm32cubeide_1.2.0/plugins/com.st.stm32cube.ide.mcu.externaltools.gnu-tools-for-stm32.7-2018-q2-update.linux64_1.0.0.201904181610/tools/bin/../lib/gcc/arm-none-eabi/7.3.1/../../../../arm-none-eabi/lib/thumb/v7e-m/libc_nano.a(lib_a-impure.o)
 .data          0x0000000000000000        0x0 /opt/st/stm32cubeide_1.2.0/plugins/com.st.stm32cube.ide.mcu.externaltools.gnu-tools-for-stm32.7-2018-q2-update.linux64_1.0.0.201904181610/tools/bin/../lib/gcc/arm-none-eabi/7.3.1/../../../../arm-none-eabi/lib/thumb/v7e-m/libc_nano.a(lib_a-impure.o)
 .bss           0x0000000000000000        0x0 /opt/st/stm32cubeide_1.2.0/plugins/com.st.stm32cube.ide.mcu.externaltools.gnu-tools-for-stm32.7-2018-q2-update.linux64_1.0.0.201904181610/tools/bin/../lib/gcc/arm-none-eabi/7.3.1/../../../../arm-none-eabi/lib/thumb/v7e-m/libc_nano.a(lib_a-impure.o)
 .data._impure_ptr
                0x0000000000000000        0x4 /opt/st/stm32cubeide_1.2.0/plugins/com.st.stm32cube.ide.mcu.externaltools.gnu-tools-for-stm32.7-2018-q2-update.linux64_1.0.0.201904181610/tools/bin/../lib/gcc/arm-none-eabi/7.3.1/../../../../arm-none-eabi/lib/thumb/v7e-m/libc_nano.a(lib_a-impure.o)
 .data.impure_data
                0x0000000000000000       0x60 /opt/st/stm32cubeide_1.2.0/plugins/com.st.stm32cube.ide.mcu.externaltools.gnu-tools-for-stm32.7-2018-q2-update.linux64_1.0.0.201904181610/tools/bin/../lib/gcc/arm-none-eabi/7.3.1/../../../../arm-none-eabi/lib/thumb/v7e-m/libc_nano.a(lib_a-impure.o)
 .rodata._global_impure_ptr
                0x0000000000000000        0x4 /opt/st/stm32cubeide_1.2.0/plugins/com.st.stm32cube.ide.mcu.externaltools.gnu-tools-for-stm32.7-2018-q2-update.linux64_1.0.0.201904181610/tools/bin/../lib/gcc/arm-none-eabi/7.3.1/../../../../arm-none-eabi/lib/thumb/v7e-m/libc_nano.a(lib_a-impure.o)
 .ARM.attributes
                0x0000000000000000       0x2e /opt/st/stm32cubeide_1.2.0/plugins/com.st.stm32cube.ide.mcu.externaltools.gnu-tools-for-stm32.7-2018-q2-update.linux64_1.0.0.201904181610/tools/bin/../lib/gcc/arm-none-eabi/7.3.1/../../../../arm-none-eabi/lib/thumb/v7e-m/libc_nano.a(lib_a-impure.o)
 .text          0x0000000000000000        0x0 /opt/st/stm32cubeide_1.2.0/plugins/com.st.stm32cube.ide.mcu.externaltools.gnu-tools-for-stm32.7-2018-q2-update.linux64_1.0.0.201904181610/tools/bin/../lib/gcc/arm-none-eabi/7.3.1/../../../../arm-none-eabi/lib/thumb/v7e-m/libc_nano.a(lib_a-init.o)
 .data          0x0000000000000000        0x0 /opt/st/stm32cubeide_1.2.0/plugins/com.st.stm32cube.ide.mcu.externaltools.gnu-tools-for-stm32.7-2018-q2-update.linux64_1.0.0.201904181610/tools/bin/../lib/gcc/arm-none-eabi/7.3.1/../../../../arm-none-eabi/lib/thumb/v7e-m/libc_nano.a(lib_a-init.o)
 .bss           0x0000000000000000        0x0 /opt/st/stm32cubeide_1.2.0/plugins/com.st.stm32cube.ide.mcu.externaltools.gnu-tools-for-stm32.7-2018-q2-update.linux64_1.0.0.201904181610/tools/bin/../lib/gcc/arm-none-eabi/7.3.1/../../../../arm-none-eabi/lib/thumb/v7e-m/libc_nano.a(lib_a-init.o)
 .text          0x0000000000000000        0x0 /opt/st/stm32cubeide_1.2.0/plugins/com.st.stm32cube.ide.mcu.externaltools.gnu-tools-for-stm32.7-2018-q2-update.linux64_1.0.0.201904181610/tools/bin/../lib/gcc/arm-none-eabi/7.3.1/../../../../arm-none-eabi/lib/thumb/v7e-m/libc_nano.a(lib_a-memset.o)
 .data          0x0000000000000000        0x0 /opt/st/stm32cubeide_1.2.0/plugins/com.st.stm32cube.ide.mcu.externaltools.gnu-tools-for-stm32.7-2018-q2-update.linux64_1.0.0.201904181610/tools/bin/../lib/gcc/arm-none-eabi/7.3.1/../../../../arm-none-eabi/lib/thumb/v7e-m/libc_nano.a(lib_a-memset.o)
 .bss           0x0000000000000000        0x0 /opt/st/stm32cubeide_1.2.0/plugins/com.st.stm32cube.ide.mcu.externaltools.gnu-tools-for-stm32.7-2018-q2-update.linux64_1.0.0.201904181610/tools/bin/../lib/gcc/arm-none-eabi/7.3.1/../../../../arm-none-eabi/lib/thumb/v7e-m/libc_nano.a(lib_a-memset.o)
 .text.memset   0x0000000000000000       0x10 /opt/st/stm32cubeide_1.2.0/plugins/com.st.stm32cube.ide.mcu.externaltools.gnu-tools-for-stm32.7-2018-q2-update.linux64_1.0.0.201904181610/tools/bin/../lib/gcc/arm-none-eabi/7.3.1/../../../../arm-none-eabi/lib/thumb/v7e-m/libc_nano.a(lib_a-memset.o)
 .debug_frame   0x0000000000000000       0x20 /opt/st/stm32cubeide_1.2.0/plugins/com.st.stm32cube.ide.mcu.externaltools.gnu-tools-for-stm32.7-2018-q2-update.linux64_1.0.0.201904181610/tools/bin/../lib/gcc/arm-none-eabi/7.3.1/../../../../arm-none-eabi/lib/thumb/v7e-m/libc_nano.a(lib_a-memset.o)
 .ARM.attributes
                0x0000000000000000       0x2e /opt/st/stm32cubeide_1.2.0/plugins/com.st.stm32cube.ide.mcu.externaltools.gnu-tools-for-stm32.7-2018-q2-update.linux64_1.0.0.201904181610/tools/bin/../lib/gcc/arm-none-eabi/7.3.1/../../../../arm-none-eabi/lib/thumb/v7e-m/libc_nano.a(lib_a-memset.o)
 .text          0x0000000000000000        0x0 /opt/st/stm32cubeide_1.2.0/plugins/com.st.stm32cube.ide.mcu.externaltools.gnu-tools-for-stm32.7-2018-q2-update.linux64_1.0.0.201904181610/tools/bin/../lib/gcc/arm-none-eabi/7.3.1/thumb/v7e-m/crtend.o
 .data          0x0000000000000000        0x0 /opt/st/stm32cubeide_1.2.0/plugins/com.st.stm32cube.ide.mcu.externaltools.gnu-tools-for-stm32.7-2018-q2-update.linux64_1.0.0.201904181610/tools/bin/../lib/gcc/arm-none-eabi/7.3.1/thumb/v7e-m/crtend.o
 .bss           0x0000000000000000        0x0 /opt/st/stm32cubeide_1.2.0/plugins/com.st.stm32cube.ide.mcu.externaltools.gnu-tools-for-stm32.7-2018-q2-update.linux64_1.0.0.201904181610/tools/bin/../lib/gcc/arm-none-eabi/7.3.1/thumb/v7e-m/crtend.o
 .eh_frame      0x0000000000000000        0x4 /opt/st/stm32cubeide_1.2.0/plugins/com.st.stm32cube.ide.mcu.externaltools.gnu-tools-for-stm32.7-2018-q2-update.linux64_1.0.0.201904181610/tools/bin/../lib/gcc/arm-none-eabi/7.3.1/thumb/v7e-m/crtend.o
 .ARM.attributes
                0x0000000000000000       0x2e /opt/st/stm32cubeide_1.2.0/plugins/com.st.stm32cube.ide.mcu.externaltools.gnu-tools-for-stm32.7-2018-q2-update.linux64_1.0.0.201904181610/tools/bin/../lib/gcc/arm-none-eabi/7.3.1/thumb/v7e-m/crtend.o
 .text          0x0000000000000000        0x0 /opt/st/stm32cubeide_1.2.0/plugins/com.st.stm32cube.ide.mcu.externaltools.gnu-tools-for-stm32.7-2018-q2-update.linux64_1.0.0.201904181610/tools/bin/../lib/gcc/arm-none-eabi/7.3.1/thumb/v7e-m/crtn.o
 .data          0x0000000000000000        0x0 /opt/st/stm32cubeide_1.2.0/plugins/com.st.stm32cube.ide.mcu.externaltools.gnu-tools-for-stm32.7-2018-q2-update.linux64_1.0.0.201904181610/tools/bin/../lib/gcc/arm-none-eabi/7.3.1/thumb/v7e-m/crtn.o
 .bss           0x0000000000000000        0x0 /opt/st/stm32cubeide_1.2.0/plugins/com.st.stm32cube.ide.mcu.externaltools.gnu-tools-for-stm32.7-2018-q2-update.linux64_1.0.0.201904181610/tools/bin/../lib/gcc/arm-none-eabi/7.3.1/thumb/v7e-m/crtn.o

Memory Configuration

Name             Origin             Length             Attributes
RAM              0x0000000020000000 0x0000000000020000 xrw
ROM              0x0000000008000000 0x0000000000100000 xr
*default*        0x0000000000000000 0xffffffffffffffff

Linker script and memory map

LOAD /opt/st/stm32cubeide_1.2.0/plugins/com.st.stm32cube.ide.mcu.externaltools.gnu-tools-for-stm32.7-2018-q2-update.linux64_1.0.0.201904181610/tools/bin/../lib/gcc/arm-none-eabi/7.3.1/thumb/v7e-m/crti.o
LOAD /opt/st/stm32cubeide_1.2.0/plugins/com.st.stm32cube.ide.mcu.externaltools.gnu-tools-for-stm32.7-2018-q2-update.linux64_1.0.0.201904181610/tools/bin/../lib/gcc/arm-none-eabi/7.3.1/thumb/v7e-m/crtbegin.o
LOAD /opt/st/stm32cubeide_1.2.0/plugins/com.st.stm32cube.ide.mcu.externaltools.gnu-tools-for-stm32.7-2018-q2-update.linux64_1.0.0.201904181610/tools/bin/../lib/gcc/arm-none-eabi/7.3.1/../../../../arm-none-eabi/lib/thumb/v7e-m/crt0.o
LOAD MCAL/Reset_and_Clocks/Cfg/RCC_PbCfg.o
LOAD MCAL/Reset_and_Clocks/Src/RCC.o
LOAD Src/main.o
LOAD Src/syscalls.o
LOAD Src/sysmem.o
LOAD Startup/startup_stm32f407vgtx.o
START GROUP
LOAD /opt/st/stm32cubeide_1.2.0/plugins/com.st.stm32cube.ide.mcu.externaltools.gnu-tools-for-stm32.7-2018-q2-update.linux64_1.0.0.201904181610/tools/bin/../lib/gcc/arm-none-eabi/7.3.1/../../../../arm-none-eabi/lib/thumb/v7e-m/libc_nano.a
LOAD /opt/st/stm32cubeide_1.2.0/plugins/com.st.stm32cube.ide.mcu.externaltools.gnu-tools-for-stm32.7-2018-q2-update.linux64_1.0.0.201904181610/tools/bin/../lib/gcc/arm-none-eabi/7.3.1/../../../../arm-none-eabi/lib/thumb/v7e-m/libm.a
END GROUP
START GROUP
LOAD /opt/st/stm32cubeide_1.2.0/plugins/com.st.stm32cube.ide.mcu.externaltools.gnu-tools-for-stm32.7-2018-q2-update.linux64_1.0.0.201904181610/tools/bin/../lib/gcc/arm-none-eabi/7.3.1/thumb/v7e-m/libgcc.a
LOAD /opt/st/stm32cubeide_1.2.0/plugins/com.st.stm32cube.ide.mcu.externaltools.gnu-tools-for-stm32.7-2018-q2-update.linux64_1.0.0.201904181610/tools/bin/../lib/gcc/arm-none-eabi/7.3.1/../../../../arm-none-eabi/lib/thumb/v7e-m/libc_nano.a
END GROUP
START GROUP
LOAD /opt/st/stm32cubeide_1.2.0/plugins/com.st.stm32cube.ide.mcu.externaltools.gnu-tools-for-stm32.7-2018-q2-update.linux64_1.0.0.201904181610/tools/bin/../lib/gcc/arm-none-eabi/7.3.1/thumb/v7e-m/libgcc.a
LOAD /opt/st/stm32cubeide_1.2.0/plugins/com.st.stm32cube.ide.mcu.externaltools.gnu-tools-for-stm32.7-2018-q2-update.linux64_1.0.0.201904181610/tools/bin/../lib/gcc/arm-none-eabi/7.3.1/../../../../arm-none-eabi/lib/thumb/v7e-m/libc_nano.a
LOAD /opt/st/stm32cubeide_1.2.0/plugins/com.st.stm32cube.ide.mcu.externaltools.gnu-tools-for-stm32.7-2018-q2-update.linux64_1.0.0.201904181610/tools/bin/../lib/gcc/arm-none-eabi/7.3.1/../../../../arm-none-eabi/lib/thumb/v7e-m/libnosys.a
END GROUP
START GROUP
LOAD /opt/st/stm32cubeide_1.2.0/plugins/com.st.stm32cube.ide.mcu.externaltools.gnu-tools-for-stm32.7-2018-q2-update.linux64_1.0.0.201904181610/tools/bin/../lib/gcc/arm-none-eabi/7.3.1/thumb/v7e-m/libgcc.a
LOAD /opt/st/stm32cubeide_1.2.0/plugins/com.st.stm32cube.ide.mcu.externaltools.gnu-tools-for-stm32.7-2018-q2-update.linux64_1.0.0.201904181610/tools/bin/../lib/gcc/arm-none-eabi/7.3.1/../../../../arm-none-eabi/lib/thumb/v7e-m/libc_nano.a
LOAD /opt/st/stm32cubeide_1.2.0/plugins/com.st.stm32cube.ide.mcu.externaltools.gnu-tools-for-stm32.7-2018-q2-update.linux64_1.0.0.201904181610/tools/bin/../lib/gcc/arm-none-eabi/7.3.1/../../../../arm-none-eabi/lib/thumb/v7e-m/libnosys.a
END GROUP
LOAD /opt/st/stm32cubeide_1.2.0/plugins/com.st.stm32cube.ide.mcu.externaltools.gnu-tools-for-stm32.7-2018-q2-update.linux64_1.0.0.201904181610/tools/bin/../lib/gcc/arm-none-eabi/7.3.1/thumb/v7e-m/crtend.o
LOAD /opt/st/stm32cubeide_1.2.0/plugins/com.st.stm32cube.ide.mcu.externaltools.gnu-tools-for-stm32.7-2018-q2-update.linux64_1.0.0.201904181610/tools/bin/../lib/gcc/arm-none-eabi/7.3.1/thumb/v7e-m/crtn.o
                0x0000000020020000                _estack = (ORIGIN (RAM) + LENGTH (RAM))
                0x0000000000000200                _Min_Heap_Size = 0x200
                0x0000000000000400                _Min_Stack_Size = 0x400

.isr_vector     0x0000000008000000      0x1a8
                0x0000000008000000                . = ALIGN (0x4)
 *(.isr_vector)
 .isr_vector    0x0000000008000000      0x1a8 Startup/startup_stm32f407vgtx.o
                0x0000000008000000                g_pfnVectors
                0x00000000080001a8                . = ALIGN (0x4)

.text           0x00000000080001a8      0x6d4
                0x00000000080001a8                . = ALIGN (0x4)
 *(.text)
 .text          0x00000000080001a8       0x40 /opt/st/stm32cubeide_1.2.0/plugins/com.st.stm32cube.ide.mcu.externaltools.gnu-tools-for-stm32.7-2018-q2-update.linux64_1.0.0.201904181610/tools/bin/../lib/gcc/arm-none-eabi/7.3.1/thumb/v7e-m/crtbegin.o
 *(.text*)
 .text.RCC_GetClockReadyStatus
                0x00000000080001e8       0x9c MCAL/Reset_and_Clocks/Src/RCC.o
                0x00000000080001e8                RCC_GetClockReadyStatus
 .text.RCC_CalculatePllPrescaler
                0x0000000008000284      0x14c MCAL/Reset_and_Clocks/Src/RCC.o
                0x0000000008000284                RCC_CalculatePllPrescaler
 .text.RCC_PllConfigure
                0x00000000080003d0       0xb8 MCAL/Reset_and_Clocks/Src/RCC.o
                0x00000000080003d0                RCC_PllConfigure
 .text.RCC_CalculatePllI2SPrescaler
                0x0000000008000488       0xcc MCAL/Reset_and_Clocks/Src/RCC.o
                0x0000000008000488                RCC_CalculatePllI2SPrescaler
 .text.RCC_PllI2SConfigure
                0x0000000008000554       0x90 MCAL/Reset_and_Clocks/Src/RCC.o
                0x0000000008000554                RCC_PllI2SConfigure
 .text.RCC_EnableClk
                0x00000000080005e4       0x8c MCAL/Reset_and_Clocks/Src/RCC.o
                0x00000000080005e4                RCC_EnableClk
 .text.RCC_DisableClk
                0x0000000008000670       0x70 MCAL/Reset_and_Clocks/Src/RCC.o
                0x0000000008000670                RCC_DisableClk
 .text.RCC_SetClockSource
                0x00000000080006e0       0xac MCAL/Reset_and_Clocks/Src/RCC.o
                0x00000000080006e0                RCC_SetClockSource
 .text.main     0x000000000800078c       0x3c Src/main.o
                0x000000000800078c                main
 .text.Reset_Handler
                0x00000000080007c8       0x50 Startup/startup_stm32f407vgtx.o
                0x00000000080007c8                Reset_Handler
 .text.Default_Handler
                0x0000000008000818        0x2 Startup/startup_stm32f407vgtx.o
                0x0000000008000818                RTC_Alarm_IRQHandler
                0x0000000008000818                HASH_RNG_IRQHandler
                0x0000000008000818                EXTI2_IRQHandler
                0x0000000008000818                TIM8_CC_IRQHandler
                0x0000000008000818                DebugMon_Handler
                0x0000000008000818                TIM1_CC_IRQHandler
                0x0000000008000818                DMA2_Stream5_IRQHandler
                0x0000000008000818                HardFault_Handler
                0x0000000008000818                DMA1_Stream5_IRQHandler
                0x0000000008000818                SysTick_Handler
                0x0000000008000818                PVD_IRQHandler
                0x0000000008000818                SDIO_IRQHandler
                0x0000000008000818                TAMP_STAMP_IRQHandler
                0x0000000008000818                PendSV_Handler
                0x0000000008000818                NMI_Handler
                0x0000000008000818                CAN2_RX1_IRQHandler
                0x0000000008000818                EXTI3_IRQHandler
                0x0000000008000818                TIM8_TRG_COM_TIM14_IRQHandler
                0x0000000008000818                TIM1_UP_TIM10_IRQHandler
                0x0000000008000818                TIM8_UP_TIM13_IRQHandler
                0x0000000008000818                I2C3_ER_IRQHandler
                0x0000000008000818                LCD_TFT_IRQHandler
                0x0000000008000818                EXTI0_IRQHandler
                0x0000000008000818                I2C2_EV_IRQHandler
                0x0000000008000818                DMA1_Stream2_IRQHandler
                0x0000000008000818                CAN1_RX0_IRQHandler
                0x0000000008000818                FPU_IRQHandler
                0x0000000008000818                OTG_HS_WKUP_IRQHandler
                0x0000000008000818                UsageFault_Handler
                0x0000000008000818                CAN2_SCE_IRQHandler
                0x0000000008000818                DMA2_Stream2_IRQHandler
                0x0000000008000818                SPI1_IRQHandler
                0x0000000008000818                TIM6_DAC_IRQHandler
                0x0000000008000818                TIM1_BRK_TIM9_IRQHandler
                0x0000000008000818                DCMI_IRQHandler
                0x0000000008000818                CAN2_RX0_IRQHandler
                0x0000000008000818                DMA2_Stream3_IRQHandler
                0x0000000008000818                USART6_IRQHandler
                0x0000000008000818                USART3_IRQHandler
                0x0000000008000818                CRYP_IRQHandler
                0x0000000008000818                CAN1_RX1_IRQHandler
                0x0000000008000818                UART5_IRQHandler
                0x0000000008000818                DMA2_Stream0_IRQHandler
                0x0000000008000818                TIM4_IRQHandler
                0x0000000008000818                I2C1_EV_IRQHandler
                0x0000000008000818                DMA1_Stream6_IRQHandler
                0x0000000008000818                DMA1_Stream1_IRQHandler
                0x0000000008000818                UART4_IRQHandler
                0x0000000008000818                LCD_TFT_1_IRQHandler
                0x0000000008000818                TIM3_IRQHandler
                0x0000000008000818                RCC_IRQHandler
                0x0000000008000818                TIM8_BRK_TIM12_IRQHandler
                0x0000000008000818                Default_Handler
                0x0000000008000818                EXTI15_10_IRQHandler
                0x0000000008000818                ADC_IRQHandler
                0x0000000008000818                DMA1_Stream7_IRQHandler
                0x0000000008000818                TIM7_IRQHandler
                0x0000000008000818                CAN2_TX_IRQHandler
                0x0000000008000818                TIM5_IRQHandler
                0x0000000008000818                DMA2_Stream7_IRQHandler
                0x0000000008000818                I2C3_EV_IRQHandler
                0x0000000008000818                EXTI9_5_IRQHandler
                0x0000000008000818                RTC_WKUP_IRQHandler
                0x0000000008000818                ETH_WKUP_IRQHandler
                0x0000000008000818                SPI2_IRQHandler
                0x0000000008000818                OTG_HS_EP1_IN_IRQHandler
                0x0000000008000818                MemManage_Handler
                0x0000000008000818                DMA1_Stream0_IRQHandler
                0x0000000008000818                CAN1_TX_IRQHandler
                0x0000000008000818                SVC_Handler
                0x0000000008000818                EXTI4_IRQHandler
                0x0000000008000818                FSMC_IRQHandler
                0x0000000008000818                ETH_IRQHandler
                0x0000000008000818                OTG_HS_EP1_OUT_IRQHandler
                0x0000000008000818                WWDG_IRQHandler
                0x0000000008000818                TIM2_IRQHandler
                0x0000000008000818                OTG_FS_WKUP_IRQHandler
                0x0000000008000818                TIM1_TRG_COM_TIM11_IRQHandler
                0x0000000008000818                OTG_HS_IRQHandler
                0x0000000008000818                EXTI1_IRQHandler
                0x0000000008000818                USART2_IRQHandler
                0x0000000008000818                I2C2_ER_IRQHandler
                0x0000000008000818                DMA2_Stream1_IRQHandler
                0x0000000008000818                CAN1_SCE_IRQHandler
                0x0000000008000818                DMA2_Stream4_IRQHandler
                0x0000000008000818                BusFault_Handler
                0x0000000008000818                USART1_IRQHandler
                0x0000000008000818                OTG_FS_IRQHandler
                0x0000000008000818                SPI3_IRQHandler
                0x0000000008000818                DMA1_Stream4_IRQHandler
                0x0000000008000818                I2C1_ER_IRQHandler
                0x0000000008000818                DMA2_Stream6_IRQHandler
                0x0000000008000818                DMA1_Stream3_IRQHandler
 *fill*         0x000000000800081a        0x2 
 .text.__libc_init_array
                0x000000000800081c       0x48 /opt/st/stm32cubeide_1.2.0/plugins/com.st.stm32cube.ide.mcu.externaltools.gnu-tools-for-stm32.7-2018-q2-update.linux64_1.0.0.201904181610/tools/bin/../lib/gcc/arm-none-eabi/7.3.1/../../../../arm-none-eabi/lib/thumb/v7e-m/libc_nano.a(lib_a-init.o)
                0x000000000800081c                __libc_init_array
 *(.glue_7)
 .glue_7        0x0000000008000864        0x0 linker stubs
 *(.glue_7t)
 .glue_7t       0x0000000008000864        0x0 linker stubs
 *(.eh_frame)
 .eh_frame      0x0000000008000864        0x0 /opt/st/stm32cubeide_1.2.0/plugins/com.st.stm32cube.ide.mcu.externaltools.gnu-tools-for-stm32.7-2018-q2-update.linux64_1.0.0.201904181610/tools/bin/../lib/gcc/arm-none-eabi/7.3.1/thumb/v7e-m/crtbegin.o
 *(.init)
 .init          0x0000000008000864        0x4 /opt/st/stm32cubeide_1.2.0/plugins/com.st.stm32cube.ide.mcu.externaltools.gnu-tools-for-stm32.7-2018-q2-update.linux64_1.0.0.201904181610/tools/bin/../lib/gcc/arm-none-eabi/7.3.1/thumb/v7e-m/crti.o
                0x0000000008000864                _init
 .init          0x0000000008000868        0x8 /opt/st/stm32cubeide_1.2.0/plugins/com.st.stm32cube.ide.mcu.externaltools.gnu-tools-for-stm32.7-2018-q2-update.linux64_1.0.0.201904181610/tools/bin/../lib/gcc/arm-none-eabi/7.3.1/thumb/v7e-m/crtn.o
 *(.fini)
 .fini          0x0000000008000870        0x4 /opt/st/stm32cubeide_1.2.0/plugins/com.st.stm32cube.ide.mcu.externaltools.gnu-tools-for-stm32.7-2018-q2-update.linux64_1.0.0.201904181610/tools/bin/../lib/gcc/arm-none-eabi/7.3.1/thumb/v7e-m/crti.o
                0x0000000008000870                _fini
 .fini          0x0000000008000874        0x8 /opt/st/stm32cubeide_1.2.0/plugins/com.st.stm32cube.ide.mcu.externaltools.gnu-tools-for-stm32.7-2018-q2-update.linux64_1.0.0.201904181610/tools/bin/../lib/gcc/arm-none-eabi/7.3.1/thumb/v7e-m/crtn.o
                0x000000000800087c                . = ALIGN (0x4)
                0x000000000800087c                _etext = .

.vfp11_veneer   0x000000000800087c        0x0
 .vfp11_veneer  0x000000000800087c        0x0 linker stubs

.v4_bx          0x000000000800087c        0x0
 .v4_bx         0x000000000800087c        0x0 linker stubs

.iplt           0x000000000800087c        0x0
 .iplt          0x000000000800087c        0x0 /opt/st/stm32cubeide_1.2.0/plugins/com.st.stm32cube.ide.mcu.externaltools.gnu-tools-for-stm32.7-2018-q2-update.linux64_1.0.0.201904181610/tools/bin/../lib/gcc/arm-none-eabi/7.3.1/thumb/v7e-m/crtbegin.o

.rel.dyn        0x000000000800087c        0x0
 .rel.iplt      0x000000000800087c        0x0 /opt/st/stm32cubeide_1.2.0/plugins/com.st.stm32cube.ide.mcu.externaltools.gnu-tools-for-stm32.7-2018-q2-update.linux64_1.0.0.201904181610/tools/bin/../lib/gcc/arm-none-eabi/7.3.1/thumb/v7e-m/crtbegin.o

.rodata         0x000000000800087c        0x0
                0x000000000800087c                . = ALIGN (0x4)
 *(.rodata)
 *(.rodata*)
                0x000000000800087c                . = ALIGN (0x4)

.ARM.extab      0x000000000800087c        0x0
                0x000000000800087c                . = ALIGN (0x4)
 *(.ARM.extab* .gnu.linkonce.armextab.*)
                0x000000000800087c                . = ALIGN (0x4)

.ARM            0x000000000800087c        0x0
                0x000000000800087c                . = ALIGN (0x4)
                0x000000000800087c                __exidx_start = .
 *(.ARM.exidx*)
                0x000000000800087c                __exidx_end = .
                0x000000000800087c                . = ALIGN (0x4)

.preinit_array  0x000000000800087c        0x0
                0x000000000800087c                . = ALIGN (0x4)
                0x000000000800087c                PROVIDE (__preinit_array_start = .)
 *(.preinit_array*)
                0x000000000800087c                PROVIDE (__preinit_array_end = .)
                0x000000000800087c                . = ALIGN (0x4)

.init_array     0x000000000800087c        0x4
                0x000000000800087c                . = ALIGN (0x4)
                0x000000000800087c                PROVIDE (__init_array_start = .)
 *(SORT_BY_NAME(.init_array.*))
 *(.init_array*)
 .init_array    0x000000000800087c        0x4 /opt/st/stm32cubeide_1.2.0/plugins/com.st.stm32cube.ide.mcu.externaltools.gnu-tools-for-stm32.7-2018-q2-update.linux64_1.0.0.201904181610/tools/bin/../lib/gcc/arm-none-eabi/7.3.1/thumb/v7e-m/crtbegin.o
                0x0000000008000880                PROVIDE (__init_array_end = .)
                0x0000000008000880                . = ALIGN (0x4)

.fini_array     0x0000000008000880        0x4
                0x0000000008000880                . = ALIGN (0x4)
                [!provide]                        PROVIDE (__fini_array_start = .)
 *(SORT_BY_NAME(.fini_array.*))
 *(.fini_array*)
 .fini_array    0x0000000008000880        0x4 /opt/st/stm32cubeide_1.2.0/plugins/com.st.stm32cube.ide.mcu.externaltools.gnu-tools-for-stm32.7-2018-q2-update.linux64_1.0.0.201904181610/tools/bin/../lib/gcc/arm-none-eabi/7.3.1/thumb/v7e-m/crtbegin.o
                [!provide]                        PROVIDE (__fini_array_end = .)
                0x0000000008000884                . = ALIGN (0x4)
                0x0000000008000884                _sidata = LOADADDR (.data)

.data           0x0000000020000000       0x34 load address 0x0000000008000884
                0x0000000020000000                . = ALIGN (0x4)
                0x0000000020000000                _sdata = .
 *(.data)
 *(.data*)
 .data.HsiConfig0
                0x0000000020000000        0x1 MCAL/Reset_and_Clocks/Cfg/RCC_PbCfg.o
                0x0000000020000000                HsiConfig0
 *fill*         0x0000000020000001        0x3 
 .data.PllConfig0
                0x0000000020000004       0x18 MCAL/Reset_and_Clocks/Cfg/RCC_PbCfg.o
                0x0000000020000004                PllConfig0
 .data.BusConfig0
                0x000000002000001c        0xc MCAL/Reset_and_Clocks/Cfg/RCC_PbCfg.o
                0x000000002000001c                BusConfig0
 .data.RCC_Config0
                0x0000000020000028        0xc MCAL/Reset_and_Clocks/Cfg/RCC_PbCfg.o
                0x0000000020000028                RCC_Config0
                0x0000000020000034                . = ALIGN (0x4)
                0x0000000020000034                _edata = .

.igot.plt       0x0000000020000034        0x0 load address 0x00000000080008b8
 .igot.plt      0x0000000020000034        0x0 /opt/st/stm32cubeide_1.2.0/plugins/com.st.stm32cube.ide.mcu.externaltools.gnu-tools-for-stm32.7-2018-q2-update.linux64_1.0.0.201904181610/tools/bin/../lib/gcc/arm-none-eabi/7.3.1/thumb/v7e-m/crtbegin.o
                0x0000000020000034                . = ALIGN (0x4)

.bss            0x0000000020000034       0x24 load address 0x00000000080008b8
                0x0000000020000034                _sbss = .
                0x0000000020000034                __bss_start__ = _sbss
 *(.bss)
 .bss           0x0000000020000034       0x1c /opt/st/stm32cubeide_1.2.0/plugins/com.st.stm32cube.ide.mcu.externaltools.gnu-tools-for-stm32.7-2018-q2-update.linux64_1.0.0.201904181610/tools/bin/../lib/gcc/arm-none-eabi/7.3.1/thumb/v7e-m/crtbegin.o
 *(.bss*)
 *(COMMON)
 COMMON         0x0000000020000050        0x6 MCAL/Reset_and_Clocks/Src/RCC.o
                0x0000000020000050                PllPreScalerValues
                0x0000000020000058                . = ALIGN (0x4)
 *fill*         0x0000000020000056        0x2 
                0x0000000020000058                _ebss = .
                0x0000000020000058                __bss_end__ = _ebss

._user_heap_stack
                0x0000000020000058      0x600 load address 0x00000000080008b8
                0x0000000020000058                . = ALIGN (0x8)
                0x0000000020000058                PROVIDE (end = .)
                [!provide]                        PROVIDE (_end = .)
                0x0000000020000258                . = (. + _Min_Heap_Size)
 *fill*         0x0000000020000058      0x200 
                0x0000000020000658                . = (. + _Min_Stack_Size)
 *fill*         0x0000000020000258      0x400 
                0x0000000020000658                . = ALIGN (0x8)

/DISCARD/
 libc.a(*)
 libm.a(*)
 libgcc.a(*)

.ARM.attributes
                0x0000000000000000       0x2a
 *(.ARM.attributes)
 .ARM.attributes
                0x0000000000000000       0x1e /opt/st/stm32cubeide_1.2.0/plugins/com.st.stm32cube.ide.mcu.externaltools.gnu-tools-for-stm32.7-2018-q2-update.linux64_1.0.0.201904181610/tools/bin/../lib/gcc/arm-none-eabi/7.3.1/thumb/v7e-m/crti.o
 .ARM.attributes
                0x000000000000001e       0x2e /opt/st/stm32cubeide_1.2.0/plugins/com.st.stm32cube.ide.mcu.externaltools.gnu-tools-for-stm32.7-2018-q2-update.linux64_1.0.0.201904181610/tools/bin/../lib/gcc/arm-none-eabi/7.3.1/thumb/v7e-m/crtbegin.o
 .ARM.attributes
                0x000000000000004c       0x33 MCAL/Reset_and_Clocks/Cfg/RCC_PbCfg.o
 .ARM.attributes
                0x000000000000007f       0x33 MCAL/Reset_and_Clocks/Src/RCC.o
 .ARM.attributes
                0x00000000000000b2       0x33 Src/main.o
 .ARM.attributes
                0x00000000000000e5       0x21 Startup/startup_stm32f407vgtx.o
 .ARM.attributes
                0x0000000000000106       0x2e /opt/st/stm32cubeide_1.2.0/plugins/com.st.stm32cube.ide.mcu.externaltools.gnu-tools-for-stm32.7-2018-q2-update.linux64_1.0.0.201904181610/tools/bin/../lib/gcc/arm-none-eabi/7.3.1/../../../../arm-none-eabi/lib/thumb/v7e-m/libc_nano.a(lib_a-init.o)
 .ARM.attributes
                0x0000000000000134       0x1e /opt/st/stm32cubeide_1.2.0/plugins/com.st.stm32cube.ide.mcu.externaltools.gnu-tools-for-stm32.7-2018-q2-update.linux64_1.0.0.201904181610/tools/bin/../lib/gcc/arm-none-eabi/7.3.1/thumb/v7e-m/crtn.o
OUTPUT(Reset_and_Clock_Drivers.elf elf32-littlearm)

.debug_info     0x0000000000000000     0x1191
 .debug_info    0x0000000000000000      0x238 MCAL/Reset_and_Clocks/Cfg/RCC_PbCfg.o
 .debug_info    0x0000000000000238      0xca4 MCAL/Reset_and_Clocks/Src/RCC.o
 .debug_info    0x0000000000000edc      0x293 Src/main.o
 .debug_info    0x000000000000116f       0x22 Startup/startup_stm32f407vgtx.o

.debug_abbrev   0x0000000000000000      0x350
 .debug_abbrev  0x0000000000000000       0x86 MCAL/Reset_and_Clocks/Cfg/RCC_PbCfg.o
 .debug_abbrev  0x0000000000000086      0x205 MCAL/Reset_and_Clocks/Src/RCC.o
 .debug_abbrev  0x000000000000028b       0xb3 Src/main.o
 .debug_abbrev  0x000000000000033e       0x12 Startup/startup_stm32f407vgtx.o

.debug_aranges  0x0000000000000000      0x1f0
 .debug_aranges
                0x0000000000000000       0x18 MCAL/Reset_and_Clocks/Cfg/RCC_PbCfg.o
 .debug_aranges
                0x0000000000000018      0x190 MCAL/Reset_and_Clocks/Src/RCC.o
 .debug_aranges
                0x00000000000001a8       0x20 Src/main.o
 .debug_aranges
                0x00000000000001c8       0x28 Startup/startup_stm32f407vgtx.o

.debug_macro    0x0000000000000000     0x11c5
 .debug_macro   0x0000000000000000       0x6c MCAL/Reset_and_Clocks/Cfg/RCC_PbCfg.o
 .debug_macro   0x000000000000006c      0xa66 MCAL/Reset_and_Clocks/Cfg/RCC_PbCfg.o
 .debug_macro   0x0000000000000ad2       0x22 MCAL/Reset_and_Clocks/Cfg/RCC_PbCfg.o
 .debug_macro   0x0000000000000af4       0x8e MCAL/Reset_and_Clocks/Cfg/RCC_PbCfg.o
 .debug_macro   0x0000000000000b82       0x51 MCAL/Reset_and_Clocks/Cfg/RCC_PbCfg.o
 .debug_macro   0x0000000000000bd3       0xef MCAL/Reset_and_Clocks/Cfg/RCC_PbCfg.o
 .debug_macro   0x0000000000000cc2       0x6a MCAL/Reset_and_Clocks/Cfg/RCC_PbCfg.o
 .debug_macro   0x0000000000000d2c      0x1df MCAL/Reset_and_Clocks/Cfg/RCC_PbCfg.o
 .debug_macro   0x0000000000000f0b       0x46 MCAL/Reset_and_Clocks/Cfg/RCC_PbCfg.o
 .debug_macro   0x0000000000000f51       0x88 MCAL/Reset_and_Clocks/Src/RCC.o
 .debug_macro   0x0000000000000fd9       0x52 MCAL/Reset_and_Clocks/Src/RCC.o
 .debug_macro   0x000000000000102b      0x124 MCAL/Reset_and_Clocks/Src/RCC.o
 .debug_macro   0x000000000000114f       0x76 Src/main.o

.debug_line     0x0000000000000000     0x1106
 .debug_line    0x0000000000000000      0x373 MCAL/Reset_and_Clocks/Cfg/RCC_PbCfg.o
 .debug_line    0x0000000000000373      0x8c7 MCAL/Reset_and_Clocks/Src/RCC.o
 .debug_line    0x0000000000000c3a      0x448 Src/main.o
 .debug_line    0x0000000000001082       0x84 Startup/startup_stm32f407vgtx.o

.debug_str      0x0000000000000000     0x52d6
 .debug_str     0x0000000000000000     0x3e30 MCAL/Reset_and_Clocks/Cfg/RCC_PbCfg.o
                                       0x3fa6 (size before relaxing)
 .debug_str     0x0000000000003e30     0x1460 MCAL/Reset_and_Clocks/Src/RCC.o
                                       0x522e (size before relaxing)
 .debug_str     0x0000000000005290       0x15 Src/main.o
                                       0x3f0c (size before relaxing)
 .debug_str     0x00000000000052a5       0x31 Startup/startup_stm32f407vgtx.o
                                         0x81 (size before relaxing)

.comment        0x0000000000000000       0x7b
 .comment       0x0000000000000000       0x7b MCAL/Reset_and_Clocks/Cfg/RCC_PbCfg.o
                                         0x7c (size before relaxing)
 .comment       0x000000000000007b       0x7c MCAL/Reset_and_Clocks/Src/RCC.o
 .comment       0x000000000000007b       0x7c Src/main.o

.debug_ranges   0x0000000000000000      0x1b0
 .debug_ranges  0x0000000000000000      0x180 MCAL/Reset_and_Clocks/Src/RCC.o
 .debug_ranges  0x0000000000000180       0x10 Src/main.o
 .debug_ranges  0x0000000000000190       0x20 Startup/startup_stm32f407vgtx.o

.debug_frame    0x0000000000000000      0x790
 .debug_frame   0x0000000000000000      0x734 MCAL/Reset_and_Clocks/Src/RCC.o
 .debug_frame   0x0000000000000734       0x30 Src/main.o
 .debug_frame   0x0000000000000764       0x2c /opt/st/stm32cubeide_1.2.0/plugins/com.st.stm32cube.ide.mcu.externaltools.gnu-tools-for-stm32.7-2018-q2-update.linux64_1.0.0.201904181610/tools/bin/../lib/gcc/arm-none-eabi/7.3.1/../../../../arm-none-eabi/lib/thumb/v7e-m/libc_nano.a(lib_a-init.o)
