Archive member included to satisfy reference by file (symbol)

/opt/st/stm32cubeide_1.2.0/plugins/com.st.stm32cube.ide.mcu.externaltools.gnu-tools-for-stm32.7-2018-q2-update.linux64_1.0.0.201904181610/tools/bin/../lib/gcc/arm-none-eabi/7.3.1/../../../../arm-none-eabi/lib/thumb/v7e-m/libc_nano.a(lib_a-errno.o)
                              Src/syscalls.o (__errno)
/opt/st/stm32cubeide_1.2.0/plugins/com.st.stm32cube.ide.mcu.externaltools.gnu-tools-for-stm32.7-2018-q2-update.linux64_1.0.0.201904181610/tools/bin/../lib/gcc/arm-none-eabi/7.3.1/../../../../arm-none-eabi/lib/thumb/v7e-m/libc_nano.a(lib_a-exit.o)
                              /opt/st/stm32cubeide_1.2.0/plugins/com.st.stm32cube.ide.mcu.externaltools.gnu-tools-for-stm32.7-2018-q2-update.linux64_1.0.0.201904181610/tools/bin/../lib/gcc/arm-none-eabi/7.3.1/../../../../arm-none-eabi/lib/thumb/v7e-m/crt0.o (exit)
/opt/st/stm32cubeide_1.2.0/plugins/com.st.stm32cube.ide.mcu.externaltools.gnu-tools-for-stm32.7-2018-q2-update.linux64_1.0.0.201904181610/tools/bin/../lib/gcc/arm-none-eabi/7.3.1/../../../../arm-none-eabi/lib/thumb/v7e-m/libc_nano.a(lib_a-impure.o)
                              /opt/st/stm32cubeide_1.2.0/plugins/com.st.stm32cube.ide.mcu.externaltools.gnu-tools-for-stm32.7-2018-q2-update.linux64_1.0.0.201904181610/tools/bin/../lib/gcc/arm-none-eabi/7.3.1/../../../../arm-none-eabi/lib/thumb/v7e-m/libc_nano.a(lib_a-exit.o) (_global_impure_ptr)
/opt/st/stm32cubeide_1.2.0/plugins/com.st.stm32cube.ide.mcu.externaltools.gnu-tools-for-stm32.7-2018-q2-update.linux64_1.0.0.201904181610/tools/bin/../lib/gcc/arm-none-eabi/7.3.1/../../../../arm-none-eabi/lib/thumb/v7e-m/libc_nano.a(lib_a-init.o)
                              /opt/st/stm32cubeide_1.2.0/plugins/com.st.stm32cube.ide.mcu.externaltools.gnu-tools-for-stm32.7-2018-q2-update.linux64_1.0.0.201904181610/tools/bin/../lib/gcc/arm-none-eabi/7.3.1/../../../../arm-none-eabi/lib/thumb/v7e-m/crt0.o (__libc_init_array)
/opt/st/stm32cubeide_1.2.0/plugins/com.st.stm32cube.ide.mcu.externaltools.gnu-tools-for-stm32.7-2018-q2-update.linux64_1.0.0.201904181610/tools/bin/../lib/gcc/arm-none-eabi/7.3.1/../../../../arm-none-eabi/lib/thumb/v7e-m/libc_nano.a(lib_a-memset.o)
                              /opt/st/stm32cubeide_1.2.0/plugins/com.st.stm32cube.ide.mcu.externaltools.gnu-tools-for-stm32.7-2018-q2-update.linux64_1.0.0.201904181610/tools/bin/../lib/gcc/arm-none-eabi/7.3.1/../../../../arm-none-eabi/lib/thumb/v7e-m/crt0.o (memset)

Allocating common symbols
Common symbol       size              file

gu8_PortInitStatus  0x1               MCAL/GPIO/Src/Gpio.o
GlobalConfigPtr     0x4               MCAL/GPIO/Src/Gpio.o
PllPreScalerValues  0x6               MCAL/RCC/Src/RCC.o

Discarded input sections

 .text          0x0000000000000000        0x0 /opt/st/stm32cubeide_1.2.0/plugins/com.st.stm32cube.ide.mcu.externaltools.gnu-tools-for-stm32.7-2018-q2-update.linux64_1.0.0.201904181610/tools/bin/../lib/gcc/arm-none-eabi/7.3.1/thumb/v7e-m/crti.o
 .data          0x0000000000000000        0x0 /opt/st/stm32cubeide_1.2.0/plugins/com.st.stm32cube.ide.mcu.externaltools.gnu-tools-for-stm32.7-2018-q2-update.linux64_1.0.0.201904181610/tools/bin/../lib/gcc/arm-none-eabi/7.3.1/thumb/v7e-m/crti.o
 .bss           0x0000000000000000        0x0 /opt/st/stm32cubeide_1.2.0/plugins/com.st.stm32cube.ide.mcu.externaltools.gnu-tools-for-stm32.7-2018-q2-update.linux64_1.0.0.201904181610/tools/bin/../lib/gcc/arm-none-eabi/7.3.1/thumb/v7e-m/crti.o
 .data          0x0000000000000000        0x4 /opt/st/stm32cubeide_1.2.0/plugins/com.st.stm32cube.ide.mcu.externaltools.gnu-tools-for-stm32.7-2018-q2-update.linux64_1.0.0.201904181610/tools/bin/../lib/gcc/arm-none-eabi/7.3.1/thumb/v7e-m/crtbegin.o
 .text          0x0000000000000000       0x74 /opt/st/stm32cubeide_1.2.0/plugins/com.st.stm32cube.ide.mcu.externaltools.gnu-tools-for-stm32.7-2018-q2-update.linux64_1.0.0.201904181610/tools/bin/../lib/gcc/arm-none-eabi/7.3.1/../../../../arm-none-eabi/lib/thumb/v7e-m/crt0.o
 .data          0x0000000000000000        0x0 /opt/st/stm32cubeide_1.2.0/plugins/com.st.stm32cube.ide.mcu.externaltools.gnu-tools-for-stm32.7-2018-q2-update.linux64_1.0.0.201904181610/tools/bin/../lib/gcc/arm-none-eabi/7.3.1/../../../../arm-none-eabi/lib/thumb/v7e-m/crt0.o
 .bss           0x0000000000000000        0x0 /opt/st/stm32cubeide_1.2.0/plugins/com.st.stm32cube.ide.mcu.externaltools.gnu-tools-for-stm32.7-2018-q2-update.linux64_1.0.0.201904181610/tools/bin/../lib/gcc/arm-none-eabi/7.3.1/../../../../arm-none-eabi/lib/thumb/v7e-m/crt0.o
 .ARM.extab     0x0000000000000000        0x0 /opt/st/stm32cubeide_1.2.0/plugins/com.st.stm32cube.ide.mcu.externaltools.gnu-tools-for-stm32.7-2018-q2-update.linux64_1.0.0.201904181610/tools/bin/../lib/gcc/arm-none-eabi/7.3.1/../../../../arm-none-eabi/lib/thumb/v7e-m/crt0.o
 .ARM.exidx     0x0000000000000000        0x8 /opt/st/stm32cubeide_1.2.0/plugins/com.st.stm32cube.ide.mcu.externaltools.gnu-tools-for-stm32.7-2018-q2-update.linux64_1.0.0.201904181610/tools/bin/../lib/gcc/arm-none-eabi/7.3.1/../../../../arm-none-eabi/lib/thumb/v7e-m/crt0.o
 .ARM.attributes
                0x0000000000000000       0x1c /opt/st/stm32cubeide_1.2.0/plugins/com.st.stm32cube.ide.mcu.externaltools.gnu-tools-for-stm32.7-2018-q2-update.linux64_1.0.0.201904181610/tools/bin/../lib/gcc/arm-none-eabi/7.3.1/../../../../arm-none-eabi/lib/thumb/v7e-m/crt0.o
 .group         0x0000000000000000        0xc MCAL/GPIO/Cfg/GPIO_PbCfg.o
 .group         0x0000000000000000        0xc MCAL/GPIO/Cfg/GPIO_PbCfg.o
 .group         0x0000000000000000        0xc MCAL/GPIO/Cfg/GPIO_PbCfg.o
 .group         0x0000000000000000        0xc MCAL/GPIO/Cfg/GPIO_PbCfg.o
 .group         0x0000000000000000        0xc MCAL/GPIO/Cfg/GPIO_PbCfg.o
 .group         0x0000000000000000        0xc MCAL/GPIO/Cfg/GPIO_PbCfg.o
 .group         0x0000000000000000        0xc MCAL/GPIO/Cfg/GPIO_PbCfg.o
 .group         0x0000000000000000        0xc MCAL/GPIO/Cfg/GPIO_PbCfg.o
 .group         0x0000000000000000        0xc MCAL/GPIO/Cfg/GPIO_PbCfg.o
 .group         0x0000000000000000        0xc MCAL/GPIO/Cfg/GPIO_PbCfg.o
 .text          0x0000000000000000        0x0 MCAL/GPIO/Cfg/GPIO_PbCfg.o
 .data          0x0000000000000000        0x0 MCAL/GPIO/Cfg/GPIO_PbCfg.o
 .bss           0x0000000000000000        0x0 MCAL/GPIO/Cfg/GPIO_PbCfg.o
 .group         0x0000000000000000        0xc MCAL/GPIO/Src/Gpio.o
 .group         0x0000000000000000        0xc MCAL/GPIO/Src/Gpio.o
 .group         0x0000000000000000        0xc MCAL/GPIO/Src/Gpio.o
 .group         0x0000000000000000        0xc MCAL/GPIO/Src/Gpio.o
 .group         0x0000000000000000        0xc MCAL/GPIO/Src/Gpio.o
 .group         0x0000000000000000        0xc MCAL/GPIO/Src/Gpio.o
 .group         0x0000000000000000        0xc MCAL/GPIO/Src/Gpio.o
 .group         0x0000000000000000        0xc MCAL/GPIO/Src/Gpio.o
 .group         0x0000000000000000        0xc MCAL/GPIO/Src/Gpio.o
 .group         0x0000000000000000        0xc MCAL/GPIO/Src/Gpio.o
 .group         0x0000000000000000        0xc MCAL/GPIO/Src/Gpio.o
 .text          0x0000000000000000        0x0 MCAL/GPIO/Src/Gpio.o
 .data          0x0000000000000000        0x0 MCAL/GPIO/Src/Gpio.o
 .bss           0x0000000000000000        0x0 MCAL/GPIO/Src/Gpio.o
 .text.Port_SetPinDirection
                0x0000000000000000       0x90 MCAL/GPIO/Src/Gpio.o
 .text.Port_RefreshPortDirection
                0x0000000000000000      0x154 MCAL/GPIO/Src/Gpio.o
 .text.Port_SetPinMode
                0x0000000000000000      0x16c MCAL/GPIO/Src/Gpio.o
 .text.GPIO_Port_Unlock
                0x0000000000000000       0x1a MCAL/GPIO/Src/Gpio.o
 .text.GPIO_Port_Disable
                0x0000000000000000       0x1a MCAL/GPIO/Src/Gpio.o
 .text.GPIO_Reset_Port
                0x0000000000000000       0x1a MCAL/GPIO/Src/Gpio.o
 .debug_macro   0x0000000000000000      0xa66 MCAL/GPIO/Src/Gpio.o
 .debug_macro   0x0000000000000000       0x22 MCAL/GPIO/Src/Gpio.o
 .debug_macro   0x0000000000000000       0x8e MCAL/GPIO/Src/Gpio.o
 .debug_macro   0x0000000000000000       0x51 MCAL/GPIO/Src/Gpio.o
 .debug_macro   0x0000000000000000       0xef MCAL/GPIO/Src/Gpio.o
 .debug_macro   0x0000000000000000       0x6a MCAL/GPIO/Src/Gpio.o
 .debug_macro   0x0000000000000000      0x1df MCAL/GPIO/Src/Gpio.o
 .debug_macro   0x0000000000000000       0x64 MCAL/GPIO/Src/Gpio.o
 .debug_macro   0x0000000000000000       0x7f MCAL/GPIO/Src/Gpio.o
 .debug_macro   0x0000000000000000       0x2e MCAL/GPIO/Src/Gpio.o
 .group         0x0000000000000000        0xc MCAL/RCC/Cfg/RCC_PbCfg.o
 .group         0x0000000000000000        0xc MCAL/RCC/Cfg/RCC_PbCfg.o
 .group         0x0000000000000000        0xc MCAL/RCC/Cfg/RCC_PbCfg.o
 .group         0x0000000000000000        0xc MCAL/RCC/Cfg/RCC_PbCfg.o
 .group         0x0000000000000000        0xc MCAL/RCC/Cfg/RCC_PbCfg.o
 .group         0x0000000000000000        0xc MCAL/RCC/Cfg/RCC_PbCfg.o
 .group         0x0000000000000000        0xc MCAL/RCC/Cfg/RCC_PbCfg.o
 .group         0x0000000000000000        0xc MCAL/RCC/Cfg/RCC_PbCfg.o
 .text          0x0000000000000000        0x0 MCAL/RCC/Cfg/RCC_PbCfg.o
 .data          0x0000000000000000        0x0 MCAL/RCC/Cfg/RCC_PbCfg.o
 .bss           0x0000000000000000        0x0 MCAL/RCC/Cfg/RCC_PbCfg.o
 .data.HsiConfig0
                0x0000000000000000        0x1 MCAL/RCC/Cfg/RCC_PbCfg.o
 .data.PllConfig0
                0x0000000000000000       0x18 MCAL/RCC/Cfg/RCC_PbCfg.o
 .data.BusConfig0
                0x0000000000000000        0xc MCAL/RCC/Cfg/RCC_PbCfg.o
 .data.RCC_Config0
                0x0000000000000000        0xc MCAL/RCC/Cfg/RCC_PbCfg.o
 .debug_info    0x0000000000000000      0x238 MCAL/RCC/Cfg/RCC_PbCfg.o
 .debug_abbrev  0x0000000000000000       0x86 MCAL/RCC/Cfg/RCC_PbCfg.o
 .debug_aranges
                0x0000000000000000       0x18 MCAL/RCC/Cfg/RCC_PbCfg.o
 .debug_macro   0x0000000000000000       0x6c MCAL/RCC/Cfg/RCC_PbCfg.o
 .debug_macro   0x0000000000000000      0xa66 MCAL/RCC/Cfg/RCC_PbCfg.o
 .debug_macro   0x0000000000000000       0x22 MCAL/RCC/Cfg/RCC_PbCfg.o
 .debug_macro   0x0000000000000000       0x8e MCAL/RCC/Cfg/RCC_PbCfg.o
 .debug_macro   0x0000000000000000       0x51 MCAL/RCC/Cfg/RCC_PbCfg.o
 .debug_macro   0x0000000000000000       0xef MCAL/RCC/Cfg/RCC_PbCfg.o
 .debug_macro   0x0000000000000000       0x6a MCAL/RCC/Cfg/RCC_PbCfg.o
 .debug_macro   0x0000000000000000      0x1df MCAL/RCC/Cfg/RCC_PbCfg.o
 .debug_macro   0x0000000000000000       0x4c MCAL/RCC/Cfg/RCC_PbCfg.o
 .debug_line    0x0000000000000000      0x366 MCAL/RCC/Cfg/RCC_PbCfg.o
 .debug_str     0x0000000000000000     0x3fa3 MCAL/RCC/Cfg/RCC_PbCfg.o
 .comment       0x0000000000000000       0x7c MCAL/RCC/Cfg/RCC_PbCfg.o
 .ARM.attributes
                0x0000000000000000       0x33 MCAL/RCC/Cfg/RCC_PbCfg.o
 .group         0x0000000000000000        0xc MCAL/RCC/Src/RCC.o
 .group         0x0000000000000000        0xc MCAL/RCC/Src/RCC.o
 .group         0x0000000000000000        0xc MCAL/RCC/Src/RCC.o
 .group         0x0000000000000000        0xc MCAL/RCC/Src/RCC.o
 .group         0x0000000000000000        0xc MCAL/RCC/Src/RCC.o
 .group         0x0000000000000000        0xc MCAL/RCC/Src/RCC.o
 .group         0x0000000000000000        0xc MCAL/RCC/Src/RCC.o
 .group         0x0000000000000000        0xc MCAL/RCC/Src/RCC.o
 .group         0x0000000000000000        0xc MCAL/RCC/Src/RCC.o
 .group         0x0000000000000000        0xc MCAL/RCC/Src/RCC.o
 .text          0x0000000000000000        0x0 MCAL/RCC/Src/RCC.o
 .data          0x0000000000000000        0x0 MCAL/RCC/Src/RCC.o
 .bss           0x0000000000000000        0x0 MCAL/RCC/Src/RCC.o
 .text.RCC_Init
                0x0000000000000000       0x40 MCAL/RCC/Src/RCC.o
 .text.RCC_GetClockReadyStatus
                0x0000000000000000       0x9c MCAL/RCC/Src/RCC.o
 .text.RCC_HsiSetTrimValue
                0x0000000000000000       0x2c MCAL/RCC/Src/RCC.o
 .text.RCC_HsiConfigure
                0x0000000000000000       0x3c MCAL/RCC/Src/RCC.o
 .text.RCC_HsiGetCalibValue
                0x0000000000000000       0x18 MCAL/RCC/Src/RCC.o
 .text.RCC_CalculatePllPrescaler
                0x0000000000000000      0x14c MCAL/RCC/Src/RCC.o
 .text.RCC_PllConfigure
                0x0000000000000000       0xb8 MCAL/RCC/Src/RCC.o
 .text.RCC_CalculatePllI2SPrescaler
                0x0000000000000000       0xcc MCAL/RCC/Src/RCC.o
 .text.RCC_PllI2SConfigure
                0x0000000000000000       0x90 MCAL/RCC/Src/RCC.o
 .text.RCC_EnableClk
                0x0000000000000000       0x8c MCAL/RCC/Src/RCC.o
 .text.RCC_DisableClk
                0x0000000000000000       0x70 MCAL/RCC/Src/RCC.o
 .text.RCC_EnableSpreadSpectrumClkGen
                0x0000000000000000        0xc MCAL/RCC/Src/RCC.o
 .text.RCC_Mco1Config
                0x0000000000000000       0xcc MCAL/RCC/Src/RCC.o
 .text.RCC_Mco2Config
                0x0000000000000000       0xd0 MCAL/RCC/Src/RCC.o
 .text.RCC_SetClockSource
                0x0000000000000000       0xac MCAL/RCC/Src/RCC.o
 .text.RCC_GetSystemClkSource
                0x0000000000000000       0x2c MCAL/RCC/Src/RCC.o
 .text.RCC_BusConfig
                0x0000000000000000       0x5c MCAL/RCC/Src/RCC.o
 .text.RCC_EnableIntFlag
                0x0000000000000000       0xa8 MCAL/RCC/Src/RCC.o
 .text.RCC_ReadIntFlag
                0x0000000000000000       0x40 MCAL/RCC/Src/RCC.o
 .text.RCC_ClearIntFlag
                0x0000000000000000       0x8c MCAL/RCC/Src/RCC.o
 .text.RCC_AHB2PeripheralClkEnable
                0x0000000000000000       0x38 MCAL/RCC/Src/RCC.o
 .text.RCC_AHB3PeripheralClkEnable
                0x0000000000000000       0x38 MCAL/RCC/Src/RCC.o
 .text.RCC_APB1PeripheralClkEnable
                0x0000000000000000       0x38 MCAL/RCC/Src/RCC.o
 .text.RCC_APB2PeripheralClkEnable
                0x0000000000000000       0x38 MCAL/RCC/Src/RCC.o
 .text.RCC_AHB1EnablePerSleepMode
                0x0000000000000000       0x38 MCAL/RCC/Src/RCC.o
 .text.RCC_AHB2EnablePerSleepMode
                0x0000000000000000       0x38 MCAL/RCC/Src/RCC.o
 .text.RCC_AHB3EnablePerSleepMode
                0x0000000000000000       0x38 MCAL/RCC/Src/RCC.o
 .text.RCC_APB1EnablePerSleepMode
                0x0000000000000000       0x38 MCAL/RCC/Src/RCC.o
 .text.RCC_APB2EnablePerSleepMode
                0x0000000000000000       0x38 MCAL/RCC/Src/RCC.o
 .text.RCC_AHB1PeripheralClkDisable
                0x0000000000000000       0x2c MCAL/RCC/Src/RCC.o
 .text.RCC_AHB2PeripheralClkDisable
                0x0000000000000000       0x2c MCAL/RCC/Src/RCC.o
 .text.RCC_AHB3PeripheralClkDisable
                0x0000000000000000       0x2c MCAL/RCC/Src/RCC.o
 .text.RCC_APB1PeripheralClkDisable
                0x0000000000000000       0x2c MCAL/RCC/Src/RCC.o
 .text.RCC_APB2PeripheralClkDisable
                0x0000000000000000       0x2c MCAL/RCC/Src/RCC.o
 .text.RCC_AHB1DisablePerSleepMode
                0x0000000000000000       0x2c MCAL/RCC/Src/RCC.o
 .text.RCC_AHB2DisablePerSleepMode
                0x0000000000000000       0x2c MCAL/RCC/Src/RCC.o
 .text.RCC_AHB3DisablePerSleepMode
                0x0000000000000000       0x2c MCAL/RCC/Src/RCC.o
 .text.RCC_APB1DisablePerSleepMode
                0x0000000000000000       0x2c MCAL/RCC/Src/RCC.o
 .text.RCC_APB2DisablePerSleepMode
                0x0000000000000000       0x2c MCAL/RCC/Src/RCC.o
 .text.RCC_ResetAHB1Peripheral
                0x0000000000000000       0x24 MCAL/RCC/Src/RCC.o
 .text.RCC_ResetAHB2Peripheral
                0x0000000000000000       0x24 MCAL/RCC/Src/RCC.o
 .text.RCC_ResetAHB3Peripheral
                0x0000000000000000       0x24 MCAL/RCC/Src/RCC.o
 .text.RCC_ResetAPB1Peripheral
                0x0000000000000000       0x24 MCAL/RCC/Src/RCC.o
 .text.RCC_ResetAPB2Peripheral
                0x0000000000000000       0x24 MCAL/RCC/Src/RCC.o
 .text.RCC_ResetBackupDomain
                0x0000000000000000       0x1c MCAL/RCC/Src/RCC.o
 .text.RCC_GetResetStatus
                0x0000000000000000       0x44 MCAL/RCC/Src/RCC.o
 .debug_macro   0x0000000000000000      0xa66 MCAL/RCC/Src/RCC.o
 .debug_macro   0x0000000000000000       0x22 MCAL/RCC/Src/RCC.o
 .debug_macro   0x0000000000000000       0x8e MCAL/RCC/Src/RCC.o
 .debug_macro   0x0000000000000000       0x51 MCAL/RCC/Src/RCC.o
 .debug_macro   0x0000000000000000       0xef MCAL/RCC/Src/RCC.o
 .debug_macro   0x0000000000000000       0x6a MCAL/RCC/Src/RCC.o
 .debug_macro   0x0000000000000000      0x1df MCAL/RCC/Src/RCC.o
 .debug_macro   0x0000000000000000       0x64 MCAL/RCC/Src/RCC.o
 .debug_macro   0x0000000000000000       0x4c MCAL/RCC/Src/RCC.o
 COMMON         0x0000000000000000        0x6 MCAL/RCC/Src/RCC.o
 .group         0x0000000000000000        0xc Src/main.o
 .group         0x0000000000000000        0xc Src/main.o
 .group         0x0000000000000000        0xc Src/main.o
 .group         0x0000000000000000        0xc Src/main.o
 .group         0x0000000000000000        0xc Src/main.o
 .group         0x0000000000000000        0xc Src/main.o
 .group         0x0000000000000000        0xc Src/main.o
 .group         0x0000000000000000        0xc Src/main.o
 .group         0x0000000000000000        0xc Src/main.o
 .group         0x0000000000000000        0xc Src/main.o
 .group         0x0000000000000000        0xc Src/main.o
 .text          0x0000000000000000        0x0 Src/main.o
 .data          0x0000000000000000        0x0 Src/main.o
 .bss           0x0000000000000000        0x0 Src/main.o
 .debug_macro   0x0000000000000000      0xa66 Src/main.o
 .debug_macro   0x0000000000000000       0x22 Src/main.o
 .debug_macro   0x0000000000000000       0x8e Src/main.o
 .debug_macro   0x0000000000000000       0x51 Src/main.o
 .debug_macro   0x0000000000000000       0xef Src/main.o
 .debug_macro   0x0000000000000000       0x6a Src/main.o
 .debug_macro   0x0000000000000000      0x1df Src/main.o
 .debug_macro   0x0000000000000000       0x64 Src/main.o
 .debug_macro   0x0000000000000000       0x4c Src/main.o
 .debug_macro   0x0000000000000000       0x7f Src/main.o
 .debug_macro   0x0000000000000000       0x2e Src/main.o
 .group         0x0000000000000000        0xc Src/syscalls.o
 .group         0x0000000000000000        0xc Src/syscalls.o
 .group         0x0000000000000000        0xc Src/syscalls.o
 .group         0x0000000000000000        0xc Src/syscalls.o
 .group         0x0000000000000000        0xc Src/syscalls.o
 .group         0x0000000000000000        0xc Src/syscalls.o
 .group         0x0000000000000000        0xc Src/syscalls.o
 .group         0x0000000000000000        0xc Src/syscalls.o
 .group         0x0000000000000000        0xc Src/syscalls.o
 .group         0x0000000000000000        0xc Src/syscalls.o
 .group         0x0000000000000000        0xc Src/syscalls.o
 .group         0x0000000000000000        0xc Src/syscalls.o
 .group         0x0000000000000000        0xc Src/syscalls.o
 .group         0x0000000000000000        0xc Src/syscalls.o
 .group         0x0000000000000000        0xc Src/syscalls.o
 .group         0x0000000000000000        0xc Src/syscalls.o
 .group         0x0000000000000000        0xc Src/syscalls.o
 .group         0x0000000000000000        0xc Src/syscalls.o
 .group         0x0000000000000000        0xc Src/syscalls.o
 .group         0x0000000000000000        0xc Src/syscalls.o
 .group         0x0000000000000000        0xc Src/syscalls.o
 .group         0x0000000000000000        0xc Src/syscalls.o
 .group         0x0000000000000000        0xc Src/syscalls.o
 .group         0x0000000000000000        0xc Src/syscalls.o
 .group         0x0000000000000000        0xc Src/syscalls.o
 .group         0x0000000000000000        0xc Src/syscalls.o
 .group         0x0000000000000000        0xc Src/syscalls.o
 .group         0x0000000000000000        0xc Src/syscalls.o
 .group         0x0000000000000000        0xc Src/syscalls.o
 .group         0x0000000000000000        0xc Src/syscalls.o
 .group         0x0000000000000000        0xc Src/syscalls.o
 .group         0x0000000000000000        0xc Src/syscalls.o
 .group         0x0000000000000000        0xc Src/syscalls.o
 .group         0x0000000000000000        0xc Src/syscalls.o
 .group         0x0000000000000000        0xc Src/syscalls.o
 .group         0x0000000000000000        0xc Src/syscalls.o
 .group         0x0000000000000000        0xc Src/syscalls.o
 .group         0x0000000000000000        0xc Src/syscalls.o
 .group         0x0000000000000000        0xc Src/syscalls.o
 .group         0x0000000000000000        0xc Src/syscalls.o
 .group         0x0000000000000000        0xc Src/syscalls.o
 .group         0x0000000000000000        0xc Src/syscalls.o
 .group         0x0000000000000000        0xc Src/syscalls.o
 .group         0x0000000000000000        0xc Src/syscalls.o
 .text          0x0000000000000000        0x0 Src/syscalls.o
 .data          0x0000000000000000        0x0 Src/syscalls.o
 .bss           0x0000000000000000        0x0 Src/syscalls.o
 .bss.__env     0x0000000000000000        0x4 Src/syscalls.o
 .data.environ  0x0000000000000000        0x4 Src/syscalls.o
 .text.initialise_monitor_handles
                0x0000000000000000        0xc Src/syscalls.o
 .text._getpid  0x0000000000000000        0xe Src/syscalls.o
 .text._kill    0x0000000000000000       0x20 Src/syscalls.o
 .text._exit    0x0000000000000000       0x14 Src/syscalls.o
 .text._read    0x0000000000000000       0x3a Src/syscalls.o
 .text._write   0x0000000000000000       0x38 Src/syscalls.o
 .text._close   0x0000000000000000       0x16 Src/syscalls.o
 .text._fstat   0x0000000000000000       0x1e Src/syscalls.o
 .text._isatty  0x0000000000000000       0x14 Src/syscalls.o
 .text._lseek   0x0000000000000000       0x18 Src/syscalls.o
 .text._open    0x0000000000000000       0x1a Src/syscalls.o
 .text._wait    0x0000000000000000       0x1e Src/syscalls.o
 .text._unlink  0x0000000000000000       0x1e Src/syscalls.o
 .text._times   0x0000000000000000       0x16 Src/syscalls.o
 .text._stat    0x0000000000000000       0x1e Src/syscalls.o
 .text._link    0x0000000000000000       0x20 Src/syscalls.o
 .text._fork    0x0000000000000000       0x16 Src/syscalls.o
 .text._execve  0x0000000000000000       0x22 Src/syscalls.o
 .debug_info    0x0000000000000000      0xebd Src/syscalls.o
 .debug_abbrev  0x0000000000000000      0x261 Src/syscalls.o
 .debug_aranges
                0x0000000000000000       0xa8 Src/syscalls.o
 .debug_ranges  0x0000000000000000       0x98 Src/syscalls.o
 .debug_macro   0x0000000000000000      0x243 Src/syscalls.o
 .debug_macro   0x0000000000000000      0xa66 Src/syscalls.o
 .debug_macro   0x0000000000000000       0x22 Src/syscalls.o
 .debug_macro   0x0000000000000000       0x40 Src/syscalls.o
 .debug_macro   0x0000000000000000       0x18 Src/syscalls.o
 .debug_macro   0x0000000000000000       0x94 Src/syscalls.o
 .debug_macro   0x0000000000000000       0x3c Src/syscalls.o
 .debug_macro   0x0000000000000000       0x34 Src/syscalls.o
 .debug_macro   0x0000000000000000       0x57 Src/syscalls.o
 .debug_macro   0x0000000000000000      0x174 Src/syscalls.o
 .debug_macro   0x0000000000000000      0x330 Src/syscalls.o
 .debug_macro   0x0000000000000000       0x52 Src/syscalls.o
 .debug_macro   0x0000000000000000       0x1f Src/syscalls.o
 .debug_macro   0x0000000000000000       0x43 Src/syscalls.o
 .debug_macro   0x0000000000000000       0x20 Src/syscalls.o
 .debug_macro   0x0000000000000000      0x1a3 Src/syscalls.o
 .debug_macro   0x0000000000000000       0x10 Src/syscalls.o
 .debug_macro   0x0000000000000000       0x35 Src/syscalls.o
 .debug_macro   0x0000000000000000       0x10 Src/syscalls.o
 .debug_macro   0x0000000000000000       0x10 Src/syscalls.o
 .debug_macro   0x0000000000000000       0x10 Src/syscalls.o
 .debug_macro   0x0000000000000000       0x6a Src/syscalls.o
 .debug_macro   0x0000000000000000       0x1c Src/syscalls.o
 .debug_macro   0x0000000000000000       0x52 Src/syscalls.o
 .debug_macro   0x0000000000000000       0x40 Src/syscalls.o
 .debug_macro   0x0000000000000000       0x10 Src/syscalls.o
 .debug_macro   0x0000000000000000       0x40 Src/syscalls.o
 .debug_macro   0x0000000000000000       0xd7 Src/syscalls.o
 .debug_macro   0x0000000000000000       0x1c Src/syscalls.o
 .debug_macro   0x0000000000000000       0x3d Src/syscalls.o
 .debug_macro   0x0000000000000000       0x35 Src/syscalls.o
 .debug_macro   0x0000000000000000      0x122 Src/syscalls.o
 .debug_macro   0x0000000000000000       0x16 Src/syscalls.o
 .debug_macro   0x0000000000000000       0x16 Src/syscalls.o
 .debug_macro   0x0000000000000000       0x29 Src/syscalls.o
 .debug_macro   0x0000000000000000       0x10 Src/syscalls.o
 .debug_macro   0x0000000000000000      0x241 Src/syscalls.o
 .debug_macro   0x0000000000000000       0x1c Src/syscalls.o
 .debug_macro   0x0000000000000000       0x10 Src/syscalls.o
 .debug_macro   0x0000000000000000       0x10 Src/syscalls.o
 .debug_macro   0x0000000000000000       0x16 Src/syscalls.o
 .debug_macro   0x0000000000000000      0x145 Src/syscalls.o
 .debug_macro   0x0000000000000000      0x189 Src/syscalls.o
 .debug_macro   0x0000000000000000       0x16 Src/syscalls.o
 .debug_macro   0x0000000000000000       0x88 Src/syscalls.o
 .debug_line    0x0000000000000000      0x710 Src/syscalls.o
 .debug_str     0x0000000000000000     0x8892 Src/syscalls.o
 .comment       0x0000000000000000       0x7c Src/syscalls.o
 .debug_frame   0x0000000000000000      0x2ac Src/syscalls.o
 .ARM.attributes
                0x0000000000000000       0x33 Src/syscalls.o
 .group         0x0000000000000000        0xc Src/sysmem.o
 .group         0x0000000000000000        0xc Src/sysmem.o
 .group         0x0000000000000000        0xc Src/sysmem.o
 .group         0x0000000000000000        0xc Src/sysmem.o
 .group         0x0000000000000000        0xc Src/sysmem.o
 .group         0x0000000000000000        0xc Src/sysmem.o
 .group         0x0000000000000000        0xc Src/sysmem.o
 .group         0x0000000000000000        0xc Src/sysmem.o
 .group         0x0000000000000000        0xc Src/sysmem.o
 .group         0x0000000000000000        0xc Src/sysmem.o
 .group         0x0000000000000000        0xc Src/sysmem.o
 .group         0x0000000000000000        0xc Src/sysmem.o
 .group         0x0000000000000000        0xc Src/sysmem.o
 .group         0x0000000000000000        0xc Src/sysmem.o
 .group         0x0000000000000000        0xc Src/sysmem.o
 .group         0x0000000000000000        0xc Src/sysmem.o
 .group         0x0000000000000000        0xc Src/sysmem.o
 .group         0x0000000000000000        0xc Src/sysmem.o
 .group         0x0000000000000000        0xc Src/sysmem.o
 .group         0x0000000000000000        0xc Src/sysmem.o
 .group         0x0000000000000000        0xc Src/sysmem.o
 .group         0x0000000000000000        0xc Src/sysmem.o
 .group         0x0000000000000000        0xc Src/sysmem.o
 .group         0x0000000000000000        0xc Src/sysmem.o
 .group         0x0000000000000000        0xc Src/sysmem.o
 .group         0x0000000000000000        0xc Src/sysmem.o
 .group         0x0000000000000000        0xc Src/sysmem.o
 .group         0x0000000000000000        0xc Src/sysmem.o
 .group         0x0000000000000000        0xc Src/sysmem.o
 .group         0x0000000000000000        0xc Src/sysmem.o
 .group         0x0000000000000000        0xc Src/sysmem.o
 .group         0x0000000000000000        0xc Src/sysmem.o
 .text          0x0000000000000000        0x0 Src/sysmem.o
 .data          0x0000000000000000        0x0 Src/sysmem.o
 .bss           0x0000000000000000        0x0 Src/sysmem.o
 .bss.heap_end.5149
                0x0000000000000000        0x4 Src/sysmem.o
 .text._sbrk    0x0000000000000000       0x58 Src/sysmem.o
 .debug_info    0x0000000000000000      0x91c Src/sysmem.o
 .debug_abbrev  0x0000000000000000      0x1bb Src/sysmem.o
 .debug_aranges
                0x0000000000000000       0x20 Src/sysmem.o
 .debug_ranges  0x0000000000000000       0x10 Src/sysmem.o
 .debug_macro   0x0000000000000000      0x1ae Src/sysmem.o
 .debug_macro   0x0000000000000000      0xa66 Src/sysmem.o
 .debug_macro   0x0000000000000000       0x10 Src/sysmem.o
 .debug_macro   0x0000000000000000       0x22 Src/sysmem.o
 .debug_macro   0x0000000000000000       0x40 Src/sysmem.o
 .debug_macro   0x0000000000000000       0x18 Src/sysmem.o
 .debug_macro   0x0000000000000000       0x94 Src/sysmem.o
 .debug_macro   0x0000000000000000       0x3c Src/sysmem.o
 .debug_macro   0x0000000000000000       0x34 Src/sysmem.o
 .debug_macro   0x0000000000000000      0x174 Src/sysmem.o
 .debug_macro   0x0000000000000000       0x57 Src/sysmem.o
 .debug_macro   0x0000000000000000       0x52 Src/sysmem.o
 .debug_macro   0x0000000000000000       0x1f Src/sysmem.o
 .debug_macro   0x0000000000000000       0x43 Src/sysmem.o
 .debug_macro   0x0000000000000000       0x20 Src/sysmem.o
 .debug_macro   0x0000000000000000      0x1a3 Src/sysmem.o
 .debug_macro   0x0000000000000000      0x23b Src/sysmem.o
 .debug_macro   0x0000000000000000       0x16 Src/sysmem.o
 .debug_macro   0x0000000000000000       0x35 Src/sysmem.o
 .debug_macro   0x0000000000000000      0x330 Src/sysmem.o
 .debug_macro   0x0000000000000000       0x10 Src/sysmem.o
 .debug_macro   0x0000000000000000       0x10 Src/sysmem.o
 .debug_macro   0x0000000000000000       0x6a Src/sysmem.o
 .debug_macro   0x0000000000000000       0x1c Src/sysmem.o
 .debug_macro   0x0000000000000000       0x52 Src/sysmem.o
 .debug_macro   0x0000000000000000       0x40 Src/sysmem.o
 .debug_macro   0x0000000000000000       0x10 Src/sysmem.o
 .debug_macro   0x0000000000000000       0x40 Src/sysmem.o
 .debug_macro   0x0000000000000000       0xd7 Src/sysmem.o
 .debug_macro   0x0000000000000000       0x1c Src/sysmem.o
 .debug_macro   0x0000000000000000       0x3d Src/sysmem.o
 .debug_macro   0x0000000000000000       0x16 Src/sysmem.o
 .debug_macro   0x0000000000000000      0x145 Src/sysmem.o
 .debug_line    0x0000000000000000      0x52c Src/sysmem.o
 .debug_str     0x0000000000000000     0x7aeb Src/sysmem.o
 .comment       0x0000000000000000       0x7c Src/sysmem.o
 .debug_frame   0x0000000000000000       0x34 Src/sysmem.o
 .ARM.attributes
                0x0000000000000000       0x33 Src/sysmem.o
 .text          0x0000000000000000       0x14 Startup/startup_stm32f407vgtx.o
 .data          0x0000000000000000        0x0 Startup/startup_stm32f407vgtx.o
 .bss           0x0000000000000000        0x0 Startup/startup_stm32f407vgtx.o
 .text          0x0000000000000000        0x0 /opt/st/stm32cubeide_1.2.0/plugins/com.st.stm32cube.ide.mcu.externaltools.gnu-tools-for-stm32.7-2018-q2-update.linux64_1.0.0.201904181610/tools/bin/../lib/gcc/arm-none-eabi/7.3.1/../../../../arm-none-eabi/lib/thumb/v7e-m/libc_nano.a(lib_a-errno.o)
 .data          0x0000000000000000        0x0 /opt/st/stm32cubeide_1.2.0/plugins/com.st.stm32cube.ide.mcu.externaltools.gnu-tools-for-stm32.7-2018-q2-update.linux64_1.0.0.201904181610/tools/bin/../lib/gcc/arm-none-eabi/7.3.1/../../../../arm-none-eabi/lib/thumb/v7e-m/libc_nano.a(lib_a-errno.o)
 .bss           0x0000000000000000        0x0 /opt/st/stm32cubeide_1.2.0/plugins/com.st.stm32cube.ide.mcu.externaltools.gnu-tools-for-stm32.7-2018-q2-update.linux64_1.0.0.201904181610/tools/bin/../lib/gcc/arm-none-eabi/7.3.1/../../../../arm-none-eabi/lib/thumb/v7e-m/libc_nano.a(lib_a-errno.o)
 .text.__errno  0x0000000000000000        0xc /opt/st/stm32cubeide_1.2.0/plugins/com.st.stm32cube.ide.mcu.externaltools.gnu-tools-for-stm32.7-2018-q2-update.linux64_1.0.0.201904181610/tools/bin/../lib/gcc/arm-none-eabi/7.3.1/../../../../arm-none-eabi/lib/thumb/v7e-m/libc_nano.a(lib_a-errno.o)
 .debug_frame   0x0000000000000000       0x20 /opt/st/stm32cubeide_1.2.0/plugins/com.st.stm32cube.ide.mcu.externaltools.gnu-tools-for-stm32.7-2018-q2-update.linux64_1.0.0.201904181610/tools/bin/../lib/gcc/arm-none-eabi/7.3.1/../../../../arm-none-eabi/lib/thumb/v7e-m/libc_nano.a(lib_a-errno.o)
 .ARM.attributes
                0x0000000000000000       0x2e /opt/st/stm32cubeide_1.2.0/plugins/com.st.stm32cube.ide.mcu.externaltools.gnu-tools-for-stm32.7-2018-q2-update.linux64_1.0.0.201904181610/tools/bin/../lib/gcc/arm-none-eabi/7.3.1/../../../../arm-none-eabi/lib/thumb/v7e-m/libc_nano.a(lib_a-errno.o)
 .text          0x0000000000000000        0x0 /opt/st/stm32cubeide_1.2.0/plugins/com.st.stm32cube.ide.mcu.externaltools.gnu-tools-for-stm32.7-2018-q2-update.linux64_1.0.0.201904181610/tools/bin/../lib/gcc/arm-none-eabi/7.3.1/../../../../arm-none-eabi/lib/thumb/v7e-m/libc_nano.a(lib_a-exit.o)
 .data          0x0000000000000000        0x0 /opt/st/stm32cubeide_1.2.0/plugins/com.st.stm32cube.ide.mcu.externaltools.gnu-tools-for-stm32.7-2018-q2-update.linux64_1.0.0.201904181610/tools/bin/../lib/gcc/arm-none-eabi/7.3.1/../../../../arm-none-eabi/lib/thumb/v7e-m/libc_nano.a(lib_a-exit.o)
 .bss           0x0000000000000000        0x0 /opt/st/stm32cubeide_1.2.0/plugins/com.st.stm32cube.ide.mcu.externaltools.gnu-tools-for-stm32.7-2018-q2-update.linux64_1.0.0.201904181610/tools/bin/../lib/gcc/arm-none-eabi/7.3.1/../../../../arm-none-eabi/lib/thumb/v7e-m/libc_nano.a(lib_a-exit.o)
 .text.exit     0x0000000000000000       0x28 /opt/st/stm32cubeide_1.2.0/plugins/com.st.stm32cube.ide.mcu.externaltools.gnu-tools-for-stm32.7-2018-q2-update.linux64_1.0.0.201904181610/tools/bin/../lib/gcc/arm-none-eabi/7.3.1/../../../../arm-none-eabi/lib/thumb/v7e-m/libc_nano.a(lib_a-exit.o)
 .debug_frame   0x0000000000000000       0x28 /opt/st/stm32cubeide_1.2.0/plugins/com.st.stm32cube.ide.mcu.externaltools.gnu-tools-for-stm32.7-2018-q2-update.linux64_1.0.0.201904181610/tools/bin/../lib/gcc/arm-none-eabi/7.3.1/../../../../arm-none-eabi/lib/thumb/v7e-m/libc_nano.a(lib_a-exit.o)
 .ARM.attributes
                0x0000000000000000       0x2e /opt/st/stm32cubeide_1.2.0/plugins/com.st.stm32cube.ide.mcu.externaltools.gnu-tools-for-stm32.7-2018-q2-update.linux64_1.0.0.201904181610/tools/bin/../lib/gcc/arm-none-eabi/7.3.1/../../../../arm-none-eabi/lib/thumb/v7e-m/libc_nano.a(lib_a-exit.o)
 .text          0x0000000000000000        0x0 /opt/st/stm32cubeide_1.2.0/plugins/com.st.stm32cube.ide.mcu.externaltools.gnu-tools-for-stm32.7-2018-q2-update.linux64_1.0.0.201904181610/tools/bin/../lib/gcc/arm-none-eabi/7.3.1/../../../../arm-none-eabi/lib/thumb/v7e-m/libc_nano.a(lib_a-impure.o)
 .data          0x0000000000000000        0x0 /opt/st/stm32cubeide_1.2.0/plugins/com.st.stm32cube.ide.mcu.externaltools.gnu-tools-for-stm32.7-2018-q2-update.linux64_1.0.0.201904181610/tools/bin/../lib/gcc/arm-none-eabi/7.3.1/../../../../arm-none-eabi/lib/thumb/v7e-m/libc_nano.a(lib_a-impure.o)
 .bss           0x0000000000000000        0x0 /opt/st/stm32cubeide_1.2.0/plugins/com.st.stm32cube.ide.mcu.externaltools.gnu-tools-for-stm32.7-2018-q2-update.linux64_1.0.0.201904181610/tools/bin/../lib/gcc/arm-none-eabi/7.3.1/../../../../arm-none-eabi/lib/thumb/v7e-m/libc_nano.a(lib_a-impure.o)
 .data._impure_ptr
                0x0000000000000000        0x4 /opt/st/stm32cubeide_1.2.0/plugins/com.st.stm32cube.ide.mcu.externaltools.gnu-tools-for-stm32.7-2018-q2-update.linux64_1.0.0.201904181610/tools/bin/../lib/gcc/arm-none-eabi/7.3.1/../../../../arm-none-eabi/lib/thumb/v7e-m/libc_nano.a(lib_a-impure.o)
 .data.impure_data
                0x0000000000000000       0x60 /opt/st/stm32cubeide_1.2.0/plugins/com.st.stm32cube.ide.mcu.externaltools.gnu-tools-for-stm32.7-2018-q2-update.linux64_1.0.0.201904181610/tools/bin/../lib/gcc/arm-none-eabi/7.3.1/../../../../arm-none-eabi/lib/thumb/v7e-m/libc_nano.a(lib_a-impure.o)
 .rodata._global_impure_ptr
                0x0000000000000000        0x4 /opt/st/stm32cubeide_1.2.0/plugins/com.st.stm32cube.ide.mcu.externaltools.gnu-tools-for-stm32.7-2018-q2-update.linux64_1.0.0.201904181610/tools/bin/../lib/gcc/arm-none-eabi/7.3.1/../../../../arm-none-eabi/lib/thumb/v7e-m/libc_nano.a(lib_a-impure.o)
 .ARM.attributes
                0x0000000000000000       0x2e /opt/st/stm32cubeide_1.2.0/plugins/com.st.stm32cube.ide.mcu.externaltools.gnu-tools-for-stm32.7-2018-q2-update.linux64_1.0.0.201904181610/tools/bin/../lib/gcc/arm-none-eabi/7.3.1/../../../../arm-none-eabi/lib/thumb/v7e-m/libc_nano.a(lib_a-impure.o)
 .text          0x0000000000000000        0x0 /opt/st/stm32cubeide_1.2.0/plugins/com.st.stm32cube.ide.mcu.externaltools.gnu-tools-for-stm32.7-2018-q2-update.linux64_1.0.0.201904181610/tools/bin/../lib/gcc/arm-none-eabi/7.3.1/../../../../arm-none-eabi/lib/thumb/v7e-m/libc_nano.a(lib_a-init.o)
 .data          0x0000000000000000        0x0 /opt/st/stm32cubeide_1.2.0/plugins/com.st.stm32cube.ide.mcu.externaltools.gnu-tools-for-stm32.7-2018-q2-update.linux64_1.0.0.201904181610/tools/bin/../lib/gcc/arm-none-eabi/7.3.1/../../../../arm-none-eabi/lib/thumb/v7e-m/libc_nano.a(lib_a-init.o)
 .bss           0x0000000000000000        0x0 /opt/st/stm32cubeide_1.2.0/plugins/com.st.stm32cube.ide.mcu.externaltools.gnu-tools-for-stm32.7-2018-q2-update.linux64_1.0.0.201904181610/tools/bin/../lib/gcc/arm-none-eabi/7.3.1/../../../../arm-none-eabi/lib/thumb/v7e-m/libc_nano.a(lib_a-init.o)
 .text          0x0000000000000000        0x0 /opt/st/stm32cubeide_1.2.0/plugins/com.st.stm32cube.ide.mcu.externaltools.gnu-tools-for-stm32.7-2018-q2-update.linux64_1.0.0.201904181610/tools/bin/../lib/gcc/arm-none-eabi/7.3.1/../../../../arm-none-eabi/lib/thumb/v7e-m/libc_nano.a(lib_a-memset.o)
 .data          0x0000000000000000        0x0 /opt/st/stm32cubeide_1.2.0/plugins/com.st.stm32cube.ide.mcu.externaltools.gnu-tools-for-stm32.7-2018-q2-update.linux64_1.0.0.201904181610/tools/bin/../lib/gcc/arm-none-eabi/7.3.1/../../../../arm-none-eabi/lib/thumb/v7e-m/libc_nano.a(lib_a-memset.o)
 .bss           0x0000000000000000        0x0 /opt/st/stm32cubeide_1.2.0/plugins/com.st.stm32cube.ide.mcu.externaltools.gnu-tools-for-stm32.7-2018-q2-update.linux64_1.0.0.201904181610/tools/bin/../lib/gcc/arm-none-eabi/7.3.1/../../../../arm-none-eabi/lib/thumb/v7e-m/libc_nano.a(lib_a-memset.o)
 .text.memset   0x0000000000000000       0x10 /opt/st/stm32cubeide_1.2.0/plugins/com.st.stm32cube.ide.mcu.externaltools.gnu-tools-for-stm32.7-2018-q2-update.linux64_1.0.0.201904181610/tools/bin/../lib/gcc/arm-none-eabi/7.3.1/../../../../arm-none-eabi/lib/thumb/v7e-m/libc_nano.a(lib_a-memset.o)
 .debug_frame   0x0000000000000000       0x20 /opt/st/stm32cubeide_1.2.0/plugins/com.st.stm32cube.ide.mcu.externaltools.gnu-tools-for-stm32.7-2018-q2-update.linux64_1.0.0.201904181610/tools/bin/../lib/gcc/arm-none-eabi/7.3.1/../../../../arm-none-eabi/lib/thumb/v7e-m/libc_nano.a(lib_a-memset.o)
 .ARM.attributes
                0x0000000000000000       0x2e /opt/st/stm32cubeide_1.2.0/plugins/com.st.stm32cube.ide.mcu.externaltools.gnu-tools-for-stm32.7-2018-q2-update.linux64_1.0.0.201904181610/tools/bin/../lib/gcc/arm-none-eabi/7.3.1/../../../../arm-none-eabi/lib/thumb/v7e-m/libc_nano.a(lib_a-memset.o)
 .text          0x0000000000000000        0x0 /opt/st/stm32cubeide_1.2.0/plugins/com.st.stm32cube.ide.mcu.externaltools.gnu-tools-for-stm32.7-2018-q2-update.linux64_1.0.0.201904181610/tools/bin/../lib/gcc/arm-none-eabi/7.3.1/thumb/v7e-m/crtend.o
 .data          0x0000000000000000        0x0 /opt/st/stm32cubeide_1.2.0/plugins/com.st.stm32cube.ide.mcu.externaltools.gnu-tools-for-stm32.7-2018-q2-update.linux64_1.0.0.201904181610/tools/bin/../lib/gcc/arm-none-eabi/7.3.1/thumb/v7e-m/crtend.o
 .bss           0x0000000000000000        0x0 /opt/st/stm32cubeide_1.2.0/plugins/com.st.stm32cube.ide.mcu.externaltools.gnu-tools-for-stm32.7-2018-q2-update.linux64_1.0.0.201904181610/tools/bin/../lib/gcc/arm-none-eabi/7.3.1/thumb/v7e-m/crtend.o
 .eh_frame      0x0000000000000000        0x4 /opt/st/stm32cubeide_1.2.0/plugins/com.st.stm32cube.ide.mcu.externaltools.gnu-tools-for-stm32.7-2018-q2-update.linux64_1.0.0.201904181610/tools/bin/../lib/gcc/arm-none-eabi/7.3.1/thumb/v7e-m/crtend.o
 .ARM.attributes
                0x0000000000000000       0x2e /opt/st/stm32cubeide_1.2.0/plugins/com.st.stm32cube.ide.mcu.externaltools.gnu-tools-for-stm32.7-2018-q2-update.linux64_1.0.0.201904181610/tools/bin/../lib/gcc/arm-none-eabi/7.3.1/thumb/v7e-m/crtend.o
 .text          0x0000000000000000        0x0 /opt/st/stm32cubeide_1.2.0/plugins/com.st.stm32cube.ide.mcu.externaltools.gnu-tools-for-stm32.7-2018-q2-update.linux64_1.0.0.201904181610/tools/bin/../lib/gcc/arm-none-eabi/7.3.1/thumb/v7e-m/crtn.o
 .data          0x0000000000000000        0x0 /opt/st/stm32cubeide_1.2.0/plugins/com.st.stm32cube.ide.mcu.externaltools.gnu-tools-for-stm32.7-2018-q2-update.linux64_1.0.0.201904181610/tools/bin/../lib/gcc/arm-none-eabi/7.3.1/thumb/v7e-m/crtn.o
 .bss           0x0000000000000000        0x0 /opt/st/stm32cubeide_1.2.0/plugins/com.st.stm32cube.ide.mcu.externaltools.gnu-tools-for-stm32.7-2018-q2-update.linux64_1.0.0.201904181610/tools/bin/../lib/gcc/arm-none-eabi/7.3.1/thumb/v7e-m/crtn.o

Memory Configuration

Name             Origin             Length             Attributes
RAM              0x0000000020000000 0x0000000000020000 xrw
ROM              0x0000000008000000 0x0000000000100000 xr
*default*        0x0000000000000000 0xffffffffffffffff

Linker script and memory map

LOAD /opt/st/stm32cubeide_1.2.0/plugins/com.st.stm32cube.ide.mcu.externaltools.gnu-tools-for-stm32.7-2018-q2-update.linux64_1.0.0.201904181610/tools/bin/../lib/gcc/arm-none-eabi/7.3.1/thumb/v7e-m/crti.o
LOAD /opt/st/stm32cubeide_1.2.0/plugins/com.st.stm32cube.ide.mcu.externaltools.gnu-tools-for-stm32.7-2018-q2-update.linux64_1.0.0.201904181610/tools/bin/../lib/gcc/arm-none-eabi/7.3.1/thumb/v7e-m/crtbegin.o
LOAD /opt/st/stm32cubeide_1.2.0/plugins/com.st.stm32cube.ide.mcu.externaltools.gnu-tools-for-stm32.7-2018-q2-update.linux64_1.0.0.201904181610/tools/bin/../lib/gcc/arm-none-eabi/7.3.1/../../../../arm-none-eabi/lib/thumb/v7e-m/crt0.o
LOAD MCAL/GPIO/Cfg/GPIO_PbCfg.o
LOAD MCAL/GPIO/Src/Gpio.o
LOAD MCAL/RCC/Cfg/RCC_PbCfg.o
LOAD MCAL/RCC/Src/RCC.o
LOAD Src/main.o
LOAD Src/syscalls.o
LOAD Src/sysmem.o
LOAD Startup/startup_stm32f407vgtx.o
START GROUP
LOAD /opt/st/stm32cubeide_1.2.0/plugins/com.st.stm32cube.ide.mcu.externaltools.gnu-tools-for-stm32.7-2018-q2-update.linux64_1.0.0.201904181610/tools/bin/../lib/gcc/arm-none-eabi/7.3.1/../../../../arm-none-eabi/lib/thumb/v7e-m/libc_nano.a
LOAD /opt/st/stm32cubeide_1.2.0/plugins/com.st.stm32cube.ide.mcu.externaltools.gnu-tools-for-stm32.7-2018-q2-update.linux64_1.0.0.201904181610/tools/bin/../lib/gcc/arm-none-eabi/7.3.1/../../../../arm-none-eabi/lib/thumb/v7e-m/libm.a
END GROUP
START GROUP
LOAD /opt/st/stm32cubeide_1.2.0/plugins/com.st.stm32cube.ide.mcu.externaltools.gnu-tools-for-stm32.7-2018-q2-update.linux64_1.0.0.201904181610/tools/bin/../lib/gcc/arm-none-eabi/7.3.1/thumb/v7e-m/libgcc.a
LOAD /opt/st/stm32cubeide_1.2.0/plugins/com.st.stm32cube.ide.mcu.externaltools.gnu-tools-for-stm32.7-2018-q2-update.linux64_1.0.0.201904181610/tools/bin/../lib/gcc/arm-none-eabi/7.3.1/../../../../arm-none-eabi/lib/thumb/v7e-m/libc_nano.a
END GROUP
START GROUP
LOAD /opt/st/stm32cubeide_1.2.0/plugins/com.st.stm32cube.ide.mcu.externaltools.gnu-tools-for-stm32.7-2018-q2-update.linux64_1.0.0.201904181610/tools/bin/../lib/gcc/arm-none-eabi/7.3.1/thumb/v7e-m/libgcc.a
LOAD /opt/st/stm32cubeide_1.2.0/plugins/com.st.stm32cube.ide.mcu.externaltools.gnu-tools-for-stm32.7-2018-q2-update.linux64_1.0.0.201904181610/tools/bin/../lib/gcc/arm-none-eabi/7.3.1/../../../../arm-none-eabi/lib/thumb/v7e-m/libc_nano.a
LOAD /opt/st/stm32cubeide_1.2.0/plugins/com.st.stm32cube.ide.mcu.externaltools.gnu-tools-for-stm32.7-2018-q2-update.linux64_1.0.0.201904181610/tools/bin/../lib/gcc/arm-none-eabi/7.3.1/../../../../arm-none-eabi/lib/thumb/v7e-m/libnosys.a
END GROUP
START GROUP
LOAD /opt/st/stm32cubeide_1.2.0/plugins/com.st.stm32cube.ide.mcu.externaltools.gnu-tools-for-stm32.7-2018-q2-update.linux64_1.0.0.201904181610/tools/bin/../lib/gcc/arm-none-eabi/7.3.1/thumb/v7e-m/libgcc.a
LOAD /opt/st/stm32cubeide_1.2.0/plugins/com.st.stm32cube.ide.mcu.externaltools.gnu-tools-for-stm32.7-2018-q2-update.linux64_1.0.0.201904181610/tools/bin/../lib/gcc/arm-none-eabi/7.3.1/../../../../arm-none-eabi/lib/thumb/v7e-m/libc_nano.a
LOAD /opt/st/stm32cubeide_1.2.0/plugins/com.st.stm32cube.ide.mcu.externaltools.gnu-tools-for-stm32.7-2018-q2-update.linux64_1.0.0.201904181610/tools/bin/../lib/gcc/arm-none-eabi/7.3.1/../../../../arm-none-eabi/lib/thumb/v7e-m/libnosys.a
END GROUP
LOAD /opt/st/stm32cubeide_1.2.0/plugins/com.st.stm32cube.ide.mcu.externaltools.gnu-tools-for-stm32.7-2018-q2-update.linux64_1.0.0.201904181610/tools/bin/../lib/gcc/arm-none-eabi/7.3.1/thumb/v7e-m/crtend.o
LOAD /opt/st/stm32cubeide_1.2.0/plugins/com.st.stm32cube.ide.mcu.externaltools.gnu-tools-for-stm32.7-2018-q2-update.linux64_1.0.0.201904181610/tools/bin/../lib/gcc/arm-none-eabi/7.3.1/thumb/v7e-m/crtn.o
                0x0000000020020000                _estack = (ORIGIN (RAM) + LENGTH (RAM))
                0x0000000000000200                _Min_Heap_Size = 0x200
                0x0000000000000400                _Min_Stack_Size = 0x400

.isr_vector     0x0000000008000000      0x1a8
                0x0000000008000000                . = ALIGN (0x4)
 *(.isr_vector)
 .isr_vector    0x0000000008000000      0x1a8 Startup/startup_stm32f407vgtx.o
                0x0000000008000000                g_pfnVectors
                0x00000000080001a8                . = ALIGN (0x4)

.text           0x00000000080001a8      0x4cc
                0x00000000080001a8                . = ALIGN (0x4)
 *(.text)
 .text          0x00000000080001a8       0x40 /opt/st/stm32cubeide_1.2.0/plugins/com.st.stm32cube.ide.mcu.externaltools.gnu-tools-for-stm32.7-2018-q2-update.linux64_1.0.0.201904181610/tools/bin/../lib/gcc/arm-none-eabi/7.3.1/thumb/v7e-m/crtbegin.o
 *(.text*)
 .text.Port_Init
                0x00000000080001e8      0x308 MCAL/GPIO/Src/Gpio.o
                0x00000000080001e8                Port_Init
 .text.GPIO_Port_Lock
                0x00000000080004f0       0x5c MCAL/GPIO/Src/Gpio.o
                0x00000000080004f0                GPIO_Port_Lock
 .text.GPIO_Port_Enable
                0x000000000800054c       0x1a MCAL/GPIO/Src/Gpio.o
                0x000000000800054c                GPIO_Port_Enable
 *fill*         0x0000000008000566        0x2 
 .text.RCC_AHB1PeripheralClkEnable
                0x0000000008000568       0x38 MCAL/RCC/Src/RCC.o
                0x0000000008000568                RCC_AHB1PeripheralClkEnable
 .text.main     0x00000000080005a0       0x20 Src/main.o
                0x00000000080005a0                main
 .text.Reset_Handler
                0x00000000080005c0       0x50 Startup/startup_stm32f407vgtx.o
                0x00000000080005c0                Reset_Handler
 .text.Default_Handler
                0x0000000008000610        0x2 Startup/startup_stm32f407vgtx.o
                0x0000000008000610                RTC_Alarm_IRQHandler
                0x0000000008000610                HASH_RNG_IRQHandler
                0x0000000008000610                EXTI2_IRQHandler
                0x0000000008000610                TIM8_CC_IRQHandler
                0x0000000008000610                DebugMon_Handler
                0x0000000008000610                TIM1_CC_IRQHandler
                0x0000000008000610                DMA2_Stream5_IRQHandler
                0x0000000008000610                HardFault_Handler
                0x0000000008000610                DMA1_Stream5_IRQHandler
                0x0000000008000610                SysTick_Handler
                0x0000000008000610                PVD_IRQHandler
                0x0000000008000610                SDIO_IRQHandler
                0x0000000008000610                TAMP_STAMP_IRQHandler
                0x0000000008000610                PendSV_Handler
                0x0000000008000610                NMI_Handler
                0x0000000008000610                CAN2_RX1_IRQHandler
                0x0000000008000610                EXTI3_IRQHandler
                0x0000000008000610                TIM8_TRG_COM_TIM14_IRQHandler
                0x0000000008000610                TIM1_UP_TIM10_IRQHandler
                0x0000000008000610                TIM8_UP_TIM13_IRQHandler
                0x0000000008000610                I2C3_ER_IRQHandler
                0x0000000008000610                LCD_TFT_IRQHandler
                0x0000000008000610                EXTI0_IRQHandler
                0x0000000008000610                I2C2_EV_IRQHandler
                0x0000000008000610                DMA1_Stream2_IRQHandler
                0x0000000008000610                CAN1_RX0_IRQHandler
                0x0000000008000610                FPU_IRQHandler
                0x0000000008000610                OTG_HS_WKUP_IRQHandler
                0x0000000008000610                UsageFault_Handler
                0x0000000008000610                CAN2_SCE_IRQHandler
                0x0000000008000610                DMA2_Stream2_IRQHandler
                0x0000000008000610                SPI1_IRQHandler
                0x0000000008000610                TIM6_DAC_IRQHandler
                0x0000000008000610                TIM1_BRK_TIM9_IRQHandler
                0x0000000008000610                DCMI_IRQHandler
                0x0000000008000610                CAN2_RX0_IRQHandler
                0x0000000008000610                DMA2_Stream3_IRQHandler
                0x0000000008000610                USART6_IRQHandler
                0x0000000008000610                USART3_IRQHandler
                0x0000000008000610                CRYP_IRQHandler
                0x0000000008000610                CAN1_RX1_IRQHandler
                0x0000000008000610                UART5_IRQHandler
                0x0000000008000610                DMA2_Stream0_IRQHandler
                0x0000000008000610                TIM4_IRQHandler
                0x0000000008000610                I2C1_EV_IRQHandler
                0x0000000008000610                DMA1_Stream6_IRQHandler
                0x0000000008000610                DMA1_Stream1_IRQHandler
                0x0000000008000610                UART4_IRQHandler
                0x0000000008000610                LCD_TFT_1_IRQHandler
                0x0000000008000610                TIM3_IRQHandler
                0x0000000008000610                RCC_IRQHandler
                0x0000000008000610                TIM8_BRK_TIM12_IRQHandler
                0x0000000008000610                Default_Handler
                0x0000000008000610                EXTI15_10_IRQHandler
                0x0000000008000610                ADC_IRQHandler
                0x0000000008000610                DMA1_Stream7_IRQHandler
                0x0000000008000610                TIM7_IRQHandler
                0x0000000008000610                CAN2_TX_IRQHandler
                0x0000000008000610                TIM5_IRQHandler
                0x0000000008000610                DMA2_Stream7_IRQHandler
                0x0000000008000610                I2C3_EV_IRQHandler
                0x0000000008000610                EXTI9_5_IRQHandler
                0x0000000008000610                RTC_WKUP_IRQHandler
                0x0000000008000610                ETH_WKUP_IRQHandler
                0x0000000008000610                SPI2_IRQHandler
                0x0000000008000610                OTG_HS_EP1_IN_IRQHandler
                0x0000000008000610                MemManage_Handler
                0x0000000008000610                DMA1_Stream0_IRQHandler
                0x0000000008000610                CAN1_TX_IRQHandler
                0x0000000008000610                SVC_Handler
                0x0000000008000610                EXTI4_IRQHandler
                0x0000000008000610                FSMC_IRQHandler
                0x0000000008000610                ETH_IRQHandler
                0x0000000008000610                OTG_HS_EP1_OUT_IRQHandler
                0x0000000008000610                WWDG_IRQHandler
                0x0000000008000610                TIM2_IRQHandler
                0x0000000008000610                OTG_FS_WKUP_IRQHandler
                0x0000000008000610                TIM1_TRG_COM_TIM11_IRQHandler
                0x0000000008000610                OTG_HS_IRQHandler
                0x0000000008000610                EXTI1_IRQHandler
                0x0000000008000610                USART2_IRQHandler
                0x0000000008000610                I2C2_ER_IRQHandler
                0x0000000008000610                DMA2_Stream1_IRQHandler
                0x0000000008000610                CAN1_SCE_IRQHandler
                0x0000000008000610                DMA2_Stream4_IRQHandler
                0x0000000008000610                BusFault_Handler
                0x0000000008000610                USART1_IRQHandler
                0x0000000008000610                OTG_FS_IRQHandler
                0x0000000008000610                SPI3_IRQHandler
                0x0000000008000610                DMA1_Stream4_IRQHandler
                0x0000000008000610                I2C1_ER_IRQHandler
                0x0000000008000610                DMA2_Stream6_IRQHandler
                0x0000000008000610                DMA1_Stream3_IRQHandler
 *fill*         0x0000000008000612        0x2 
 .text.__libc_init_array
                0x0000000008000614       0x48 /opt/st/stm32cubeide_1.2.0/plugins/com.st.stm32cube.ide.mcu.externaltools.gnu-tools-for-stm32.7-2018-q2-update.linux64_1.0.0.201904181610/tools/bin/../lib/gcc/arm-none-eabi/7.3.1/../../../../arm-none-eabi/lib/thumb/v7e-m/libc_nano.a(lib_a-init.o)
                0x0000000008000614                __libc_init_array
 *(.glue_7)
 .glue_7        0x000000000800065c        0x0 linker stubs
 *(.glue_7t)
 .glue_7t       0x000000000800065c        0x0 linker stubs
 *(.eh_frame)
 .eh_frame      0x000000000800065c        0x0 /opt/st/stm32cubeide_1.2.0/plugins/com.st.stm32cube.ide.mcu.externaltools.gnu-tools-for-stm32.7-2018-q2-update.linux64_1.0.0.201904181610/tools/bin/../lib/gcc/arm-none-eabi/7.3.1/thumb/v7e-m/crtbegin.o
 *(.init)
 .init          0x000000000800065c        0x4 /opt/st/stm32cubeide_1.2.0/plugins/com.st.stm32cube.ide.mcu.externaltools.gnu-tools-for-stm32.7-2018-q2-update.linux64_1.0.0.201904181610/tools/bin/../lib/gcc/arm-none-eabi/7.3.1/thumb/v7e-m/crti.o
                0x000000000800065c                _init
 .init          0x0000000008000660        0x8 /opt/st/stm32cubeide_1.2.0/plugins/com.st.stm32cube.ide.mcu.externaltools.gnu-tools-for-stm32.7-2018-q2-update.linux64_1.0.0.201904181610/tools/bin/../lib/gcc/arm-none-eabi/7.3.1/thumb/v7e-m/crtn.o
 *(.fini)
 .fini          0x0000000008000668        0x4 /opt/st/stm32cubeide_1.2.0/plugins/com.st.stm32cube.ide.mcu.externaltools.gnu-tools-for-stm32.7-2018-q2-update.linux64_1.0.0.201904181610/tools/bin/../lib/gcc/arm-none-eabi/7.3.1/thumb/v7e-m/crti.o
                0x0000000008000668                _fini
 .fini          0x000000000800066c        0x8 /opt/st/stm32cubeide_1.2.0/plugins/com.st.stm32cube.ide.mcu.externaltools.gnu-tools-for-stm32.7-2018-q2-update.linux64_1.0.0.201904181610/tools/bin/../lib/gcc/arm-none-eabi/7.3.1/thumb/v7e-m/crtn.o
                0x0000000008000674                . = ALIGN (0x4)
                0x0000000008000674                _etext = .

.vfp11_veneer   0x0000000008000674        0x0
 .vfp11_veneer  0x0000000008000674        0x0 linker stubs

.v4_bx          0x0000000008000674        0x0
 .v4_bx         0x0000000008000674        0x0 linker stubs

.iplt           0x0000000008000674        0x0
 .iplt          0x0000000008000674        0x0 /opt/st/stm32cubeide_1.2.0/plugins/com.st.stm32cube.ide.mcu.externaltools.gnu-tools-for-stm32.7-2018-q2-update.linux64_1.0.0.201904181610/tools/bin/../lib/gcc/arm-none-eabi/7.3.1/thumb/v7e-m/crtbegin.o

.rel.dyn        0x0000000008000674        0x0
 .rel.iplt      0x0000000008000674        0x0 /opt/st/stm32cubeide_1.2.0/plugins/com.st.stm32cube.ide.mcu.externaltools.gnu-tools-for-stm32.7-2018-q2-update.linux64_1.0.0.201904181610/tools/bin/../lib/gcc/arm-none-eabi/7.3.1/thumb/v7e-m/crtbegin.o

.rodata         0x0000000008000674        0x0
                0x0000000008000674                . = ALIGN (0x4)
 *(.rodata)
 *(.rodata*)
                0x0000000008000674                . = ALIGN (0x4)

.ARM.extab      0x0000000008000674        0x0
                0x0000000008000674                . = ALIGN (0x4)
 *(.ARM.extab* .gnu.linkonce.armextab.*)
                0x0000000008000674                . = ALIGN (0x4)

.ARM            0x0000000008000674        0x0
                0x0000000008000674                . = ALIGN (0x4)
                0x0000000008000674                __exidx_start = .
 *(.ARM.exidx*)
                0x0000000008000674                __exidx_end = .
                0x0000000008000674                . = ALIGN (0x4)

.preinit_array  0x0000000008000674        0x0
                0x0000000008000674                . = ALIGN (0x4)
                0x0000000008000674                PROVIDE (__preinit_array_start = .)
 *(.preinit_array*)
                0x0000000008000674                PROVIDE (__preinit_array_end = .)
                0x0000000008000674                . = ALIGN (0x4)

.init_array     0x0000000008000674        0x4
                0x0000000008000674                . = ALIGN (0x4)
                0x0000000008000674                PROVIDE (__init_array_start = .)
 *(SORT_BY_NAME(.init_array.*))
 *(.init_array*)
 .init_array    0x0000000008000674        0x4 /opt/st/stm32cubeide_1.2.0/plugins/com.st.stm32cube.ide.mcu.externaltools.gnu-tools-for-stm32.7-2018-q2-update.linux64_1.0.0.201904181610/tools/bin/../lib/gcc/arm-none-eabi/7.3.1/thumb/v7e-m/crtbegin.o
                0x0000000008000678                PROVIDE (__init_array_end = .)
                0x0000000008000678                . = ALIGN (0x4)

.fini_array     0x0000000008000678        0x4
                0x0000000008000678                . = ALIGN (0x4)
                [!provide]                        PROVIDE (__fini_array_start = .)
 *(SORT_BY_NAME(.fini_array.*))
 *(.fini_array*)
 .fini_array    0x0000000008000678        0x4 /opt/st/stm32cubeide_1.2.0/plugins/com.st.stm32cube.ide.mcu.externaltools.gnu-tools-for-stm32.7-2018-q2-update.linux64_1.0.0.201904181610/tools/bin/../lib/gcc/arm-none-eabi/7.3.1/thumb/v7e-m/crtbegin.o
                [!provide]                        PROVIDE (__fini_array_end = .)
                0x000000000800067c                . = ALIGN (0x4)
                0x000000000800067c                _sidata = LOADADDR (.data)

.data           0x0000000020000000      0x4a4 load address 0x000000000800067c
                0x0000000020000000                . = ALIGN (0x4)
                0x0000000020000000                _sdata = .
 *(.data)
 *(.data*)
 .data.Gpio_BaseAddress
                0x0000000020000000       0x24 MCAL/GPIO/Cfg/GPIO_PbCfg.o
                0x0000000020000000                Gpio_BaseAddress
 .data.Port_Config0
                0x0000000020000024      0x480 MCAL/GPIO/Cfg/GPIO_PbCfg.o
                0x0000000020000024                Port_Config0
                0x00000000200004a4                . = ALIGN (0x4)
                0x00000000200004a4                _edata = .

.igot.plt       0x00000000200004a4        0x0 load address 0x0000000008000b20
 .igot.plt      0x00000000200004a4        0x0 /opt/st/stm32cubeide_1.2.0/plugins/com.st.stm32cube.ide.mcu.externaltools.gnu-tools-for-stm32.7-2018-q2-update.linux64_1.0.0.201904181610/tools/bin/../lib/gcc/arm-none-eabi/7.3.1/thumb/v7e-m/crtbegin.o
                0x00000000200004a4                . = ALIGN (0x4)

.bss            0x00000000200004a4       0x24 load address 0x0000000008000b20
                0x00000000200004a4                _sbss = .
                0x00000000200004a4                __bss_start__ = _sbss
 *(.bss)
 .bss           0x00000000200004a4       0x1c /opt/st/stm32cubeide_1.2.0/plugins/com.st.stm32cube.ide.mcu.externaltools.gnu-tools-for-stm32.7-2018-q2-update.linux64_1.0.0.201904181610/tools/bin/../lib/gcc/arm-none-eabi/7.3.1/thumb/v7e-m/crtbegin.o
 *(.bss*)
 *(COMMON)
 COMMON         0x00000000200004c0        0x8 MCAL/GPIO/Src/Gpio.o
                0x00000000200004c0                gu8_PortInitStatus
                0x00000000200004c4                GlobalConfigPtr
                0x00000000200004c8                . = ALIGN (0x4)
                0x00000000200004c8                _ebss = .
                0x00000000200004c8                __bss_end__ = _ebss

._user_heap_stack
                0x00000000200004c8      0x600 load address 0x0000000008000b20
                0x00000000200004c8                . = ALIGN (0x8)
                0x00000000200004c8                PROVIDE (end = .)
                [!provide]                        PROVIDE (_end = .)
                0x00000000200006c8                . = (. + _Min_Heap_Size)
 *fill*         0x00000000200004c8      0x200 
                0x0000000020000ac8                . = (. + _Min_Stack_Size)
 *fill*         0x00000000200006c8      0x400 
                0x0000000020000ac8                . = ALIGN (0x8)

/DISCARD/
 libc.a(*)
 libm.a(*)
 libgcc.a(*)

.ARM.attributes
                0x0000000000000000       0x2a
 *(.ARM.attributes)
 .ARM.attributes
                0x0000000000000000       0x1e /opt/st/stm32cubeide_1.2.0/plugins/com.st.stm32cube.ide.mcu.externaltools.gnu-tools-for-stm32.7-2018-q2-update.linux64_1.0.0.201904181610/tools/bin/../lib/gcc/arm-none-eabi/7.3.1/thumb/v7e-m/crti.o
 .ARM.attributes
                0x000000000000001e       0x2e /opt/st/stm32cubeide_1.2.0/plugins/com.st.stm32cube.ide.mcu.externaltools.gnu-tools-for-stm32.7-2018-q2-update.linux64_1.0.0.201904181610/tools/bin/../lib/gcc/arm-none-eabi/7.3.1/thumb/v7e-m/crtbegin.o
 .ARM.attributes
                0x000000000000004c       0x33 MCAL/GPIO/Cfg/GPIO_PbCfg.o
 .ARM.attributes
                0x000000000000007f       0x33 MCAL/GPIO/Src/Gpio.o
 .ARM.attributes
                0x00000000000000b2       0x33 MCAL/RCC/Src/RCC.o
 .ARM.attributes
                0x00000000000000e5       0x33 Src/main.o
 .ARM.attributes
                0x0000000000000118       0x21 Startup/startup_stm32f407vgtx.o
 .ARM.attributes
                0x0000000000000139       0x2e /opt/st/stm32cubeide_1.2.0/plugins/com.st.stm32cube.ide.mcu.externaltools.gnu-tools-for-stm32.7-2018-q2-update.linux64_1.0.0.201904181610/tools/bin/../lib/gcc/arm-none-eabi/7.3.1/../../../../arm-none-eabi/lib/thumb/v7e-m/libc_nano.a(lib_a-init.o)
 .ARM.attributes
                0x0000000000000167       0x1e /opt/st/stm32cubeide_1.2.0/plugins/com.st.stm32cube.ide.mcu.externaltools.gnu-tools-for-stm32.7-2018-q2-update.linux64_1.0.0.201904181610/tools/bin/../lib/gcc/arm-none-eabi/7.3.1/thumb/v7e-m/crtn.o
OUTPUT(GPIO_Driver.elf elf32-littlearm)

.debug_info     0x0000000000000000     0x3544
 .debug_info    0x0000000000000000      0x29f MCAL/GPIO/Cfg/GPIO_PbCfg.o
 .debug_info    0x000000000000029f     0x160a MCAL/GPIO/Src/Gpio.o
 .debug_info    0x00000000000018a9      0xcfa MCAL/RCC/Src/RCC.o
 .debug_info    0x00000000000025a3      0xf7f Src/main.o
 .debug_info    0x0000000000003522       0x22 Startup/startup_stm32f407vgtx.o

.debug_abbrev   0x0000000000000000      0x5f7
 .debug_abbrev  0x0000000000000000       0xd0 MCAL/GPIO/Cfg/GPIO_PbCfg.o
 .debug_abbrev  0x00000000000000d0      0x1c5 MCAL/GPIO/Src/Gpio.o
 .debug_abbrev  0x0000000000000295      0x1ed MCAL/RCC/Src/RCC.o
 .debug_abbrev  0x0000000000000482      0x163 Src/main.o
 .debug_abbrev  0x00000000000005e5       0x12 Startup/startup_stm32f407vgtx.o

.debug_aranges  0x0000000000000000      0x250
 .debug_aranges
                0x0000000000000000       0x18 MCAL/GPIO/Cfg/GPIO_PbCfg.o
 .debug_aranges
                0x0000000000000018       0x60 MCAL/GPIO/Src/Gpio.o
 .debug_aranges
                0x0000000000000078      0x190 MCAL/RCC/Src/RCC.o
 .debug_aranges
                0x0000000000000208       0x20 Src/main.o
 .debug_aranges
                0x0000000000000228       0x28 Startup/startup_stm32f407vgtx.o

.debug_macro    0x0000000000000000     0x1376
 .debug_macro   0x0000000000000000       0x84 MCAL/GPIO/Cfg/GPIO_PbCfg.o
 .debug_macro   0x0000000000000084      0xa66 MCAL/GPIO/Cfg/GPIO_PbCfg.o
 .debug_macro   0x0000000000000aea       0x22 MCAL/GPIO/Cfg/GPIO_PbCfg.o
 .debug_macro   0x0000000000000b0c       0x8e MCAL/GPIO/Cfg/GPIO_PbCfg.o
 .debug_macro   0x0000000000000b9a       0x51 MCAL/GPIO/Cfg/GPIO_PbCfg.o
 .debug_macro   0x0000000000000beb       0xef MCAL/GPIO/Cfg/GPIO_PbCfg.o
 .debug_macro   0x0000000000000cda       0x6a MCAL/GPIO/Cfg/GPIO_PbCfg.o
 .debug_macro   0x0000000000000d44      0x1df MCAL/GPIO/Cfg/GPIO_PbCfg.o
 .debug_macro   0x0000000000000f23       0x64 MCAL/GPIO/Cfg/GPIO_PbCfg.o
 .debug_macro   0x0000000000000f87       0x7f MCAL/GPIO/Cfg/GPIO_PbCfg.o
 .debug_macro   0x0000000000001006       0x2e MCAL/GPIO/Cfg/GPIO_PbCfg.o
 .debug_macro   0x0000000000001034       0xa5 MCAL/GPIO/Src/Gpio.o
 .debug_macro   0x00000000000010d9       0x4c MCAL/GPIO/Src/Gpio.o
 .debug_macro   0x0000000000001125       0x88 MCAL/RCC/Src/RCC.o
 .debug_macro   0x00000000000011ad      0x124 MCAL/RCC/Src/RCC.o
 .debug_macro   0x00000000000012d1       0xa5 Src/main.o

.debug_line     0x0000000000000000     0x1826
 .debug_line    0x0000000000000000      0x3df MCAL/GPIO/Cfg/GPIO_PbCfg.o
 .debug_line    0x00000000000003df      0x642 MCAL/GPIO/Src/Gpio.o
 .debug_line    0x0000000000000a21      0x896 MCAL/RCC/Src/RCC.o
 .debug_line    0x00000000000012b7      0x4eb Src/main.o
 .debug_line    0x00000000000017a2       0x84 Startup/startup_stm32f407vgtx.o

.debug_str      0x0000000000000000     0x68e7
 .debug_str     0x0000000000000000     0x43e6 MCAL/GPIO/Cfg/GPIO_PbCfg.o
                                       0x4567 (size before relaxing)
 .debug_str     0x00000000000043e6     0x115b MCAL/GPIO/Src/Gpio.o
                                       0x56ab (size before relaxing)
 .debug_str     0x0000000000005541     0x1367 MCAL/RCC/Src/RCC.o
                                       0x52ce (size before relaxing)
 .debug_str     0x00000000000068a8        0xe Src/main.o
                                       0x4c6d (size before relaxing)
 .debug_str     0x00000000000068b6       0x31 Startup/startup_stm32f407vgtx.o
                                         0x75 (size before relaxing)

.comment        0x0000000000000000       0x7b
 .comment       0x0000000000000000       0x7b MCAL/GPIO/Cfg/GPIO_PbCfg.o
                                         0x7c (size before relaxing)
 .comment       0x000000000000007b       0x7c MCAL/GPIO/Src/Gpio.o
 .comment       0x000000000000007b       0x7c MCAL/RCC/Src/RCC.o
 .comment       0x000000000000007b       0x7c Src/main.o

.debug_ranges   0x0000000000000000      0x200
 .debug_ranges  0x0000000000000000       0x50 MCAL/GPIO/Src/Gpio.o
 .debug_ranges  0x0000000000000050      0x180 MCAL/RCC/Src/RCC.o
 .debug_ranges  0x00000000000001d0       0x10 Src/main.o
 .debug_ranges  0x00000000000001e0       0x20 Startup/startup_stm32f407vgtx.o

.debug_frame    0x0000000000000000      0x8f8
 .debug_frame   0x0000000000000000      0x168 MCAL/GPIO/Src/Gpio.o
 .debug_frame   0x0000000000000168      0x738 MCAL/RCC/Src/RCC.o
 .debug_frame   0x00000000000008a0       0x2c Src/main.o
 .debug_frame   0x00000000000008cc       0x2c /opt/st/stm32cubeide_1.2.0/plugins/com.st.stm32cube.ide.mcu.externaltools.gnu-tools-for-stm32.7-2018-q2-update.linux64_1.0.0.201904181610/tools/bin/../lib/gcc/arm-none-eabi/7.3.1/../../../../arm-none-eabi/lib/thumb/v7e-m/libc_nano.a(lib_a-init.o)
