RCC.c:20:6:RCC_ClockInit	4	static
RCC.c:25:17:RCC_GetClockReadyStatus	16	static
RCC.c:82:6:RCC_HsiSetTrimValue	16	static
RCC.c:89:6:RCC_HsiConfigure	16	static
RCC.c:105:9:RCC_HsiGetCalibValue	4	static
RCC.c:111:6:RCC_CalculatePllPrescaler	40	static
RCC.c:191:6:RCC_PllConfigure	16	static
RCC.c:232:6:RCC_CalculatePllI2SPrescaler	32	static
RCC.c:284:6:RCC_PllI2SConfigure	16	static
RCC.c:310:6:RCC_EnableClk	16	static
RCC.c:339:6:RCC_DisableClk	16	static
RCC.c:364:6:RCC_EnableSpreadSpectrumClkGen	4	static
RCC.c:369:6:RCC_Mco1Config	16	static
RCC.c:402:6:RCC_Mco2Config	16	static
RCC.c:435:6:RCC_SetClockSource	16	static
RCC.c:506:11:RCC_GetSystemClkSource	16	static
RCC.c:512:6:RCC_BusConfig	16	static
RCC.c:520:6:RCC_EnableIntFlag	16	static
RCC.c:558:14:RCC_ReadIntFlag	16	static
RCC.c:570:6:RCC_ClearIntFlag	16	static
RCC.c:608:6:RCC_AHB1PeripheralClkEnable	16	static
RCC.c:613:6:RCC_AHB2PeripheralClkEnable	16	static
RCC.c:618:6:RCC_AHB3PeripheralClkEnable	16	static
RCC.c:623:6:RCC_APB1PeripheralClkEnable	16	static
RCC.c:628:6:RCC_APB2PeripheralClkEnable	16	static
RCC.c:633:6:RCC_AHB1EnablePerSleepMode	16	static
RCC.c:638:6:RCC_AHB2EnablePerSleepMode	16	static
RCC.c:643:6:RCC_AHB3EnablePerSleepMode	16	static
RCC.c:648:6:RCC_APB1EnablePerSleepMode	16	static
RCC.c:653:6:RCC_APB2EnablePerSleepMode	16	static
RCC.c:658:6:RCC_AHB1PeripheralClkDisable	16	static
RCC.c:663:6:RCC_AHB2PeripheralClkDisable	16	static
RCC.c:668:6:RCC_AHB3PeripheralClkDisable	16	static
RCC.c:673:6:RCC_APB1PeripheralClkDisable	16	static
RCC.c:678:6:RCC_APB2PeripheralClkDisable	16	static
RCC.c:683:6:RCC_AHB1DisablePerSleepMode	16	static
RCC.c:688:6:RCC_AHB2DisablePerSleepMode	16	static
RCC.c:693:6:RCC_AHB3DisablePerSleepMode	16	static
RCC.c:698:6:RCC_APB1DisablePerSleepMode	16	static
RCC.c:703:6:RCC_APB2DisablePerSleepMode	16	static
RCC.c:708:6:RCC_ResetAHB1Peripheral	16	static
RCC.c:713:6:RCC_ResetAHB2Peripheral	16	static
RCC.c:718:6:RCC_ResetAHB3Peripheral	16	static
RCC.c:723:6:RCC_ResetAPB1Peripheral	16	static
RCC.c:728:6:RCC_ResetAPB2Peripheral	16	static
RCC.c:733:6:RCC_ResetBackupDomain	4	static
RCC.c:738:19:RCC_GetResetStatus	16	static
